0000 - 0A000103 - jmp 259
0032 - 21000000 - iret
0033 - 1900018A - lda 394
0034 - 1B000192 - st 402
0035 - 21000000 - iret
0036 - 1F000000 - ei
0037 - 18000192 - ld 402
0038 - 0C000024 - jz 36
0039 - 20000000 - di
0040 - 1E000000 - ret
0041 - 1A000000 - ldi 0
0042 - 1B000193 - st 403
0043 - 1B000194 - st 404
0044 - 1D000024 - call 36
0045 - 18000192 - ld 402
0046 - 0B00018E - cmp 398
0047 - 0D000036 - jnz 54
0048 - 1A000000 - ldi 0
0049 - 1B000192 - st 402
0050 - 06000000 - inc
0051 - 1B000194 - st 404
0052 - 1D000024 - call 36
0053 - 18000192 - ld 402
0054 - 0B00018C - cmp 396
0055 - 0C000048 - jz 72
0056 - 0B000195 - cmp 405
0057 - 0C000048 - jz 72
0058 - 0B00018D - cmp 397
0059 - 0C00004A - jz 74
0060 - 0B000190 - cmp 400
0061 - 0C00004A - jz 74
0062 - 18000193 - ld 403
0063 - 04000190 - mul 400
0064 - 1B000193 - st 403
0065 - 18000192 - ld 402
0066 - 02000191 - sub 401
0067 - 01000193 - add 403
0068 - 1B000193 - st 403
0069 - 1A000000 - ldi 0
0070 - 1B000192 - st 402
0071 - 0A000034 - jmp 52
0072 - 1A000001 - ldi 1
0073 - 1B000196 - st 406
0074 - 18000194 - ld 404
0075 - 0C000050 - jz 80
0076 - 18000193 - ld 403
0077 - 08000000 - not
0078 - 06000000 - inc
0079 - 1B000193 - st 403
0080 - 1A000000 - ldi 0
0081 - 1B000192 - st 402
0082 - 18000193 - ld 403
0083 - 1E000000 - ret
0084 - 16000000 - push
0085 - 1A00019D - ldi 413
0086 - 0100019B - add 411
0087 - 1B000188 - st 392
0088 - 17000000 - pop
0089 - 1C000188 - sta 392
0090 - 1800019B - ld 411
0091 - 06000000 - inc
0092 - 1B00019B - st 411
0093 - 1E000000 - ret
0094 - 1A00019D - ldi 413
0095 - 0100019B - add 411
0096 - 1B00019A - st 410
0097 - 1800019B - ld 411
0098 - 0B00019C - cmp 412
0099 - 0C000073 - jz 115
0100 - 1D000024 - call 36
0101 - 18000192 - ld 402
0102 - 0B00018C - cmp 396
0103 - 0C000074 - jz 116
0104 - 0B000195 - cmp 405
0105 - 0C000074 - jz 116
0106 - 1D000054 - call 84
0107 - 1A000000 - ldi 0
0108 - 1B000192 - st 402
0109 - 1A00019D - ldi 413
0110 - 0100019B - add 411
0111 - 0200019A - sub 410
0112 - 02000199 - sub 409
0113 - 0C000074 - jz 116
0114 - 0A000061 - jmp 97
0115 - 22000000 - halt
0116 - 1A000000 - ldi 0
0117 - 1B000192 - st 402
0118 - 1B000199 - st 409
0119 - 1D000054 - call 84
0120 - 1800019A - ld 410
0121 - 1E000000 - ret
0122 - 1A00019D - ldi 413
0123 - 0100019B - add 411
0124 - 1B00019A - st 410
0125 - 1A000000 - ldi 0
0126 - 1B000196 - st 406
0127 - 1800019B - ld 411
0128 - 0B00019C - cmp 412
0129 - 0C00008C - jz 140
0130 - 1D000029 - call 41
0131 - 1D000054 - call 84
0132 - 18000196 - ld 406
0133 - 0D00008D - jnz 141
0134 - 1A00019D - ldi 413
0135 - 0100019B - add 411
0136 - 0200019A - sub 410
0137 - 02000199 - sub 409
0138 - 0C00008D - jz 141
0139 - 0A00007F - jmp 127
0140 - 22000000 - halt
0141 - 1A000000 - ldi 0
0142 - 1B000199 - st 409
0143 - 1D000054 - call 84
0144 - 1800019A - ld 410
0145 - 1E000000 - ret
0146 - 1C00018B - sta 395
0147 - 1E000000 - ret
0148 - 1B000193 - st 403
0149 - 0B00018F - cmp 399
0150 - 0C0000B5 - jz 181
0151 - 1000009C - jl 156
0152 - 1B000193 - st 403
0153 - 1A000000 - ldi 0
0154 - 1B000197 - st 407
0155 - 0A0000A2 - jmp 162
0156 - 1800018E - ld 398
0157 - 1C00018B - sta 395
0158 - 18000193 - ld 403
0159 - 08000000 - not
0160 - 06000000 - inc
0161 - 1B000193 - st 403
0162 - 18000193 - ld 403
0163 - 0C0000AD - jz 173
0164 - 05000190 - rem 400
0165 - 16000000 - push
0166 - 18000193 - ld 403
0167 - 03000190 - div 400
0168 - 1B000193 - st 403
0169 - 18000197 - ld 407
0170 - 06000000 - inc
0171 - 1B000197 - st 407
0172 - 0A0000A2 - jmp 162
0173 - 18000197 - ld 407
0174 - 0C0000B7 - jz 183
0175 - 07000000 - dec
0176 - 1B000197 - st 407
0177 - 17000000 - pop
0178 - 01000191 - add 401
0179 - 1C00018B - sta 395
0180 - 0A0000AD - jmp 173
0181 - 18000191 - ld 401
0182 - 1C00018B - sta 395
0183 - 1E000000 - ret
0184 - 1B000193 - st 403
0185 - 0B00018F - cmp 399
0186 - 0C0000D0 - jz 208
0187 - 1A000000 - ldi 0
0188 - 1B000197 - st 407
0189 - 18000193 - ld 403
0190 - 0C0000C8 - jz 200
0191 - 05000190 - rem 400
0192 - 16000000 - push
0193 - 18000193 - ld 403
0194 - 03000190 - div 400
0195 - 1B000193 - st 403
0196 - 18000197 - ld 407
0197 - 06000000 - inc
0198 - 1B000197 - st 407
0199 - 0A0000BD - jmp 189
0200 - 18000197 - ld 407
0201 - 0C0000D2 - jz 210
0202 - 07000000 - dec
0203 - 1B000197 - st 407
0204 - 17000000 - pop
0205 - 01000191 - add 401
0206 - 1C00018B - sta 395
0207 - 0A0000C8 - jmp 200
0208 - 18000191 - ld 401
0209 - 1C00018B - sta 395
0210 - 1E000000 - ret
0211 - 1B00019A - st 410
0212 - 1A000000 - ldi 0
0213 - 1B000198 - st 408
0214 - 1800019A - ld 410
0215 - 01000198 - add 408
0216 - 1B000188 - st 392
0217 - 19000188 - lda 392
0218 - 0C0000E0 - jz 224
0219 - 1C00018B - sta 395
0220 - 18000198 - ld 408
0221 - 06000000 - inc
0222 - 1B000198 - st 408
0223 - 0A0000D6 - jmp 214
0224 - 1E000000 - ret
0225 - 1B00019A - st 410
0226 - 1900019A - lda 410
0227 - 0C0000F4 - jz 244
0228 - 1D000094 - call 148
0229 - 1A000001 - ldi 1
0230 - 1B000198 - st 408
0231 - 1800019A - ld 410
0232 - 01000198 - add 408
0233 - 1B000188 - st 392
0234 - 19000188 - lda 392
0235 - 0C0000F4 - jz 244
0236 - 1800018D - ld 397
0237 - 1C00018B - sta 395
0238 - 19000188 - lda 392
0239 - 1D000094 - call 148
0240 - 18000198 - ld 408
0241 - 06000000 - inc
0242 - 1B000198 - st 408
0243 - 0A0000E7 - jmp 231
0244 - 1E000000 - ret
0245 - 1B00019A - st 410
0246 - 1A000000 - ldi 0
0247 - 1B000198 - st 408
0248 - 1800019A - ld 410
0249 - 01000198 - add 408
0250 - 1B000188 - st 392
0251 - 19000188 - lda 392
0252 - 0C000101 - jz 257
0253 - 18000198 - ld 408
0254 - 06000000 - inc
0255 - 1B000198 - st 408
0256 - 0A0000F8 - jmp 248
0257 - 18000198 - ld 408
0258 - 1E000000 - ret
0259 - 1A000000 - ldi 0
0260 - 1B000199 - st 409
0261 - 1D00007A - call 122
0262 - 1B0001B1 - st 433
0263 - 180001B1 - ld 433
0264 - 1D0000F5 - call 245
0265 - 1B0001B2 - st 434
0266 - 1A000000 - ldi 0
0267 - 1B0001B3 - st 435
0268 - 1A000000 - ldi 0
0269 - 1B0001B4 - st 436
0270 - 1A000000 - ldi 0
0271 - 1B0001B5 - st 437
0272 - 180001B3 - ld 435
0273 - 16000000 - push
0274 - 180001B2 - ld 434
0275 - 1B000188 - st 392
0276 - 17000000 - pop
0277 - 02000188 - sub 392
0278 - 10000118 - jl 280
0279 - 0A000183 - jmp 387
0280 - 1A000000 - ldi 0
0281 - 1B0001B4 - st 436
0282 - 180001B4 - ld 436
0283 - 16000000 - push
0284 - 180001B2 - ld 434
0285 - 16000000 - push
0286 - 180001B3 - ld 435
0287 - 1B000188 - st 392
0288 - 17000000 - pop
0289 - 02000188 - sub 392
0290 - 16000000 - push
0291 - 1A000001 - ldi 1
0292 - 1B000188 - st 392
0293 - 17000000 - pop
0294 - 02000188 - sub 392
0295 - 1B000188 - st 392
0296 - 17000000 - pop
0297 - 02000188 - sub 392
0298 - 1000012C - jl 300
0299 - 0A00017B - jmp 379
0300 - 180001B1 - ld 433
0301 - 16000000 - push
0302 - 180001B4 - ld 436
0303 - 1B000188 - st 392
0304 - 17000000 - pop
0305 - 01000188 - add 392
0306 - 1B000188 - st 392
0307 - 19000188 - lda 392
0308 - 16000000 - push
0309 - 180001B1 - ld 433
0310 - 16000000 - push
0311 - 180001B4 - ld 436
0312 - 16000000 - push
0313 - 1A000001 - ldi 1
0314 - 1B000188 - st 392
0315 - 17000000 - pop
0316 - 01000188 - add 392
0317 - 1B000188 - st 392
0318 - 17000000 - pop
0319 - 01000188 - add 392
0320 - 1B000188 - st 392
0321 - 19000188 - lda 392
0322 - 1B000188 - st 392
0323 - 17000000 - pop
0324 - 02000188 - sub 392
0325 - 0E000147 - jg 327
0326 - 0A000173 - jmp 371
0327 - 180001B1 - ld 433
0328 - 16000000 - push
0329 - 180001B4 - ld 436
0330 - 1B000188 - st 392
0331 - 17000000 - pop
0332 - 01000188 - add 392
0333 - 1B000188 - st 392
0334 - 19000188 - lda 392
0335 - 1B0001B5 - st 437
0336 - 180001B1 - ld 433
0337 - 16000000 - push
0338 - 180001B4 - ld 436
0339 - 16000000 - push
0340 - 1A000001 - ldi 1
0341 - 1B000188 - st 392
0342 - 17000000 - pop
0343 - 01000188 - add 392
0344 - 1B000188 - st 392
0345 - 17000000 - pop
0346 - 01000188 - add 392
0347 - 1B000188 - st 392
0348 - 19000188 - lda 392
0349 - 16000000 - push
0350 - 180001B4 - ld 436
0351 - 1B000188 - st 392
0352 - 180001B1 - ld 433
0353 - 01000188 - add 392
0354 - 1B000188 - st 392
0355 - 17000000 - pop
0356 - 1C000188 - sta 392
0357 - 180001B5 - ld 437
0358 - 16000000 - push
0359 - 180001B4 - ld 436
0360 - 16000000 - push
0361 - 1A000001 - ldi 1
0362 - 1B000188 - st 392
0363 - 17000000 - pop
0364 - 01000188 - add 392
0365 - 1B000188 - st 392
0366 - 180001B1 - ld 433
0367 - 01000188 - add 392
0368 - 1B000188 - st 392
0369 - 17000000 - pop
0370 - 1C000188 - sta 392
0371 - 180001B4 - ld 436
0372 - 16000000 - push
0373 - 1A000001 - ldi 1
0374 - 1B000188 - st 392
0375 - 17000000 - pop
0376 - 01000188 - add 392
0377 - 1B0001B4 - st 436
0378 - 0A00011A - jmp 282
0379 - 180001B3 - ld 435
0380 - 16000000 - push
0381 - 1A000001 - ldi 1
0382 - 1B000188 - st 392
0383 - 17000000 - pop
0384 - 01000188 - add 392
0385 - 1B0001B3 - st 435
0386 - 0A000110 - jmp 272
0387 - 180001B1 - ld 433
0388 - 1D0000E1 - call 225
0389 - 22000000 - halt