0000 - 0A000103 - jmp 259
0032 - 21000000 - iret
0033 - 19000126 - lda 294
0034 - 1B00012E - st 302
0035 - 21000000 - iret
0036 - 1F000000 - ei
0037 - 1800012E - ld 302
0038 - 0C000024 - jz 36
0039 - 20000000 - di
0040 - 1E000000 - ret
0041 - 1A000000 - ldi 0
0042 - 1B00012F - st 303
0043 - 1B000130 - st 304
0044 - 1D000024 - call 36
0045 - 1800012E - ld 302
0046 - 0B00012A - cmp 298
0047 - 0D000036 - jnz 54
0048 - 1A000000 - ldi 0
0049 - 1B00012E - st 302
0050 - 06000000 - inc
0051 - 1B000130 - st 304
0052 - 1D000024 - call 36
0053 - 1800012E - ld 302
0054 - 0B000128 - cmp 296
0055 - 0C000048 - jz 72
0056 - 0B000131 - cmp 305
0057 - 0C000048 - jz 72
0058 - 0B000129 - cmp 297
0059 - 0C00004A - jz 74
0060 - 0B00012C - cmp 300
0061 - 0C00004A - jz 74
0062 - 1800012F - ld 303
0063 - 0400012C - mul 300
0064 - 1B00012F - st 303
0065 - 1800012E - ld 302
0066 - 0200012D - sub 301
0067 - 0100012F - add 303
0068 - 1B00012F - st 303
0069 - 1A000000 - ldi 0
0070 - 1B00012E - st 302
0071 - 0A000034 - jmp 52
0072 - 1A000001 - ldi 1
0073 - 1B000132 - st 306
0074 - 18000130 - ld 304
0075 - 0C000050 - jz 80
0076 - 1800012F - ld 303
0077 - 08000000 - not
0078 - 06000000 - inc
0079 - 1B00012F - st 303
0080 - 1A000000 - ldi 0
0081 - 1B00012E - st 302
0082 - 1800012F - ld 303
0083 - 1E000000 - ret
0084 - 16000000 - push
0085 - 1A000139 - ldi 313
0086 - 01000137 - add 311
0087 - 1B000124 - st 292
0088 - 17000000 - pop
0089 - 1C000124 - sta 292
0090 - 18000137 - ld 311
0091 - 06000000 - inc
0092 - 1B000137 - st 311
0093 - 1E000000 - ret
0094 - 1A000139 - ldi 313
0095 - 01000137 - add 311
0096 - 1B000136 - st 310
0097 - 18000137 - ld 311
0098 - 0B000138 - cmp 312
0099 - 0C000073 - jz 115
0100 - 1D000024 - call 36
0101 - 1800012E - ld 302
0102 - 0B000128 - cmp 296
0103 - 0C000074 - jz 116
0104 - 0B000131 - cmp 305
0105 - 0C000074 - jz 116
0106 - 1D000054 - call 84
0107 - 1A000000 - ldi 0
0108 - 1B00012E - st 302
0109 - 1A000139 - ldi 313
0110 - 01000137 - add 311
0111 - 02000136 - sub 310
0112 - 02000135 - sub 309
0113 - 0C000074 - jz 116
0114 - 0A000061 - jmp 97
0115 - 22000000 - halt
0116 - 1A000000 - ldi 0
0117 - 1B00012E - st 302
0118 - 1B000135 - st 309
0119 - 1D000054 - call 84
0120 - 18000136 - ld 310
0121 - 1E000000 - ret
0122 - 1A000139 - ldi 313
0123 - 01000137 - add 311
0124 - 1B000136 - st 310
0125 - 1A000000 - ldi 0
0126 - 1B000132 - st 306
0127 - 18000137 - ld 311
0128 - 0B000138 - cmp 312
0129 - 0C00008C - jz 140
0130 - 1D000029 - call 41
0131 - 1D000054 - call 84
0132 - 18000132 - ld 306
0133 - 0D00008D - jnz 141
0134 - 1A000139 - ldi 313
0135 - 01000137 - add 311
0136 - 02000136 - sub 310
0137 - 02000135 - sub 309
0138 - 0C00008D - jz 141
0139 - 0A00007F - jmp 127
0140 - 22000000 - halt
0141 - 1A000000 - ldi 0
0142 - 1B000135 - st 309
0143 - 1D000054 - call 84
0144 - 18000136 - ld 310
0145 - 1E000000 - ret
0146 - 1C000127 - sta 295
0147 - 1E000000 - ret
0148 - 1B00012F - st 303
0149 - 0B00012B - cmp 299
0150 - 0C0000B5 - jz 181
0151 - 1000009C - jl 156
0152 - 1B00012F - st 303
0153 - 1A000000 - ldi 0
0154 - 1B000133 - st 307
0155 - 0A0000A2 - jmp 162
0156 - 1800012A - ld 298
0157 - 1C000127 - sta 295
0158 - 1800012F - ld 303
0159 - 08000000 - not
0160 - 06000000 - inc
0161 - 1B00012F - st 303
0162 - 1800012F - ld 303
0163 - 0C0000AD - jz 173
0164 - 0500012C - rem 300
0165 - 16000000 - push
0166 - 1800012F - ld 303
0167 - 0300012C - div 300
0168 - 1B00012F - st 303
0169 - 18000133 - ld 307
0170 - 06000000 - inc
0171 - 1B000133 - st 307
0172 - 0A0000A2 - jmp 162
0173 - 18000133 - ld 307
0174 - 0C0000B7 - jz 183
0175 - 07000000 - dec
0176 - 1B000133 - st 307
0177 - 17000000 - pop
0178 - 0100012D - add 301
0179 - 1C000127 - sta 295
0180 - 0A0000AD - jmp 173
0181 - 1800012D - ld 301
0182 - 1C000127 - sta 295
0183 - 1E000000 - ret
0184 - 1B00012F - st 303
0185 - 0B00012B - cmp 299
0186 - 0C0000D0 - jz 208
0187 - 1A000000 - ldi 0
0188 - 1B000133 - st 307
0189 - 1800012F - ld 303
0190 - 0C0000C8 - jz 200
0191 - 0500012C - rem 300
0192 - 16000000 - push
0193 - 1800012F - ld 303
0194 - 0300012C - div 300
0195 - 1B00012F - st 303
0196 - 18000133 - ld 307
0197 - 06000000 - inc
0198 - 1B000133 - st 307
0199 - 0A0000BD - jmp 189
0200 - 18000133 - ld 307
0201 - 0C0000D2 - jz 210
0202 - 07000000 - dec
0203 - 1B000133 - st 307
0204 - 17000000 - pop
0205 - 0100012D - add 301
0206 - 1C000127 - sta 295
0207 - 0A0000C8 - jmp 200
0208 - 1800012D - ld 301
0209 - 1C000127 - sta 295
0210 - 1E000000 - ret
0211 - 1B000136 - st 310
0212 - 1A000000 - ldi 0
0213 - 1B000134 - st 308
0214 - 18000136 - ld 310
0215 - 01000134 - add 308
0216 - 1B000124 - st 292
0217 - 19000124 - lda 292
0218 - 0C0000E0 - jz 224
0219 - 1C000127 - sta 295
0220 - 18000134 - ld 308
0221 - 06000000 - inc
0222 - 1B000134 - st 308
0223 - 0A0000D6 - jmp 214
0224 - 1E000000 - ret
0225 - 1B000136 - st 310
0226 - 19000136 - lda 310
0227 - 0C0000F4 - jz 244
0228 - 1D000094 - call 148
0229 - 1A000001 - ldi 1
0230 - 1B000134 - st 308
0231 - 18000136 - ld 310
0232 - 01000134 - add 308
0233 - 1B000124 - st 292
0234 - 19000124 - lda 292
0235 - 0C0000F4 - jz 244
0236 - 18000129 - ld 297
0237 - 1C000127 - sta 295
0238 - 19000124 - lda 292
0239 - 1D000094 - call 148
0240 - 18000134 - ld 308
0241 - 06000000 - inc
0242 - 1B000134 - st 308
0243 - 0A0000E7 - jmp 231
0244 - 1E000000 - ret
0245 - 1B000136 - st 310
0246 - 1A000000 - ldi 0
0247 - 1B000134 - st 308
0248 - 18000136 - ld 310
0249 - 01000134 - add 308
0250 - 1B000124 - st 292
0251 - 19000124 - lda 292
0252 - 0C000101 - jz 257
0253 - 18000134 - ld 308
0254 - 06000000 - inc
0255 - 1B000134 - st 308
0256 - 0A0000F8 - jmp 248
0257 - 18000134 - ld 308
0258 - 1E000000 - ret
0259 - 1A000001 - ldi 1
0260 - 16000000 - push
0261 - 1A000002 - ldi 2
0262 - 16000000 - push
0263 - 1A000003 - ldi 3
0264 - 1B000124 - st 292
0265 - 17000000 - pop
0266 - 04000124 - mul 292
0267 - 1B000124 - st 292
0268 - 17000000 - pop
0269 - 01000124 - add 292
0270 - 1B00014D - st 333
0271 - 1A000001 - ldi 1
0272 - 16000000 - push
0273 - 1A000002 - ldi 2
0274 - 1B000124 - st 292
0275 - 17000000 - pop
0276 - 01000124 - add 292
0277 - 16000000 - push
0278 - 1A000003 - ldi 3
0279 - 1B000124 - st 292
0280 - 17000000 - pop
0281 - 04000124 - mul 292
0282 - 1B00014E - st 334
0283 - 1800014D - ld 333
0284 - 1D000094 - call 148
0285 - 1A00000A - ldi 10
0286 - 1D000092 - call 146
0287 - 1800014E - ld 334
0288 - 1D000094 - call 148
0289 - 22000000 - halt