0000 - 0A000132 - jmp 306
0032 - 21000000 - iret
0033 - 19000142 - lda 322
0034 - 1B00014A - st 330
0035 - 21000000 - iret
0036 - 1F000000 - ei
0037 - 1800014A - ld 330
0038 - 0C000024 - jz 36
0039 - 20000000 - di
0040 - 1E000000 - ret
0041 - 1A000000 - ldi 0
0042 - 1B00014B - st 331
0043 - 1B00014C - st 332
0044 - 1D000024 - call 36
0045 - 1800014A - ld 330
0046 - 0B000146 - cmp 326
0047 - 0D000036 - jnz 54
0048 - 1A000000 - ldi 0
0049 - 1B00014A - st 330
0050 - 06000000 - inc
0051 - 1B00014C - st 332
0052 - 1D000024 - call 36
0053 - 1800014A - ld 330
0054 - 0B000144 - cmp 324
0055 - 0C000048 - jz 72
0056 - 0B00014D - cmp 333
0057 - 0C000048 - jz 72
0058 - 0B000145 - cmp 325
0059 - 0C00004A - jz 74
0060 - 0B000148 - cmp 328
0061 - 0C00004A - jz 74
0062 - 1800014B - ld 331
0063 - 04000148 - mul 328
0064 - 1B00014B - st 331
0065 - 1800014A - ld 330
0066 - 02000149 - sub 329
0067 - 0100014B - add 331
0068 - 1B00014B - st 331
0069 - 1A000000 - ldi 0
0070 - 1B00014A - st 330
0071 - 0A000034 - jmp 52
0072 - 1A000001 - ldi 1
0073 - 1B00014E - st 334
0074 - 1800014C - ld 332
0075 - 0C000050 - jz 80
0076 - 1800014B - ld 331
0077 - 08000000 - not
0078 - 06000000 - inc
0079 - 1B00014B - st 331
0080 - 1A000000 - ldi 0
0081 - 1B00014A - st 330
0082 - 1800014B - ld 331
0083 - 1E000000 - ret
0084 - 16000000 - push
0085 - 1A000155 - ldi 341
0086 - 01000153 - add 339
0087 - 1B000140 - st 320
0088 - 17000000 - pop
0089 - 1C000140 - sta 320
0090 - 18000153 - ld 339
0091 - 06000000 - inc
0092 - 1B000153 - st 339
0093 - 1E000000 - ret
0094 - 1A000155 - ldi 341
0095 - 01000153 - add 339
0096 - 1B000152 - st 338
0097 - 18000153 - ld 339
0098 - 0B000154 - cmp 340
0099 - 0C000073 - jz 115
0100 - 1D000024 - call 36
0101 - 1800014A - ld 330
0102 - 0B000144 - cmp 324
0103 - 0C000074 - jz 116
0104 - 0B00014D - cmp 333
0105 - 0C000074 - jz 116
0106 - 1D000054 - call 84
0107 - 1A000000 - ldi 0
0108 - 1B00014A - st 330
0109 - 1A000155 - ldi 341
0110 - 01000153 - add 339
0111 - 02000152 - sub 338
0112 - 02000151 - sub 337
0113 - 0C000074 - jz 116
0114 - 0A000061 - jmp 97
0115 - 22000000 - halt
0116 - 1A000000 - ldi 0
0117 - 1B00014A - st 330
0118 - 1B000151 - st 337
0119 - 1D000054 - call 84
0120 - 18000152 - ld 338
0121 - 1E000000 - ret
0122 - 1A000155 - ldi 341
0123 - 01000153 - add 339
0124 - 1B000152 - st 338
0125 - 1A000000 - ldi 0
0126 - 1B00014E - st 334
0127 - 18000153 - ld 339
0128 - 0B000154 - cmp 340
0129 - 0C00008C - jz 140
0130 - 1D000029 - call 41
0131 - 1D000054 - call 84
0132 - 1800014E - ld 334
0133 - 0D00008D - jnz 141
0134 - 1A000155 - ldi 341
0135 - 01000153 - add 339
0136 - 02000152 - sub 338
0137 - 02000151 - sub 337
0138 - 0C00008D - jz 141
0139 - 0A00007F - jmp 127
0140 - 22000000 - halt
0141 - 1A000000 - ldi 0
0142 - 1B000151 - st 337
0143 - 1D000054 - call 84
0144 - 18000152 - ld 338
0145 - 1E000000 - ret
0146 - 1C000143 - sta 323
0147 - 1E000000 - ret
0148 - 1B00014B - st 331
0149 - 0B000147 - cmp 327
0150 - 0C0000B5 - jz 181
0151 - 1000009C - jl 156
0152 - 1B00014B - st 331
0153 - 1A000000 - ldi 0
0154 - 1B00014F - st 335
0155 - 0A0000A2 - jmp 162
0156 - 18000146 - ld 326
0157 - 1C000143 - sta 323
0158 - 1800014B - ld 331
0159 - 08000000 - not
0160 - 06000000 - inc
0161 - 1B00014B - st 331
0162 - 1800014B - ld 331
0163 - 0C0000AD - jz 173
0164 - 05000148 - rem 328
0165 - 16000000 - push
0166 - 1800014B - ld 331
0167 - 03000148 - div 328
0168 - 1B00014B - st 331
0169 - 1800014F - ld 335
0170 - 06000000 - inc
0171 - 1B00014F - st 335
0172 - 0A0000A2 - jmp 162
0173 - 1800014F - ld 335
0174 - 0C0000B7 - jz 183
0175 - 07000000 - dec
0176 - 1B00014F - st 335
0177 - 17000000 - pop
0178 - 01000149 - add 329
0179 - 1C000143 - sta 323
0180 - 0A0000AD - jmp 173
0181 - 18000149 - ld 329
0182 - 1C000143 - sta 323
0183 - 1E000000 - ret
0184 - 1B00014B - st 331
0185 - 0B000147 - cmp 327
0186 - 0C0000D0 - jz 208
0187 - 1A000000 - ldi 0
0188 - 1B00014F - st 335
0189 - 1800014B - ld 331
0190 - 0C0000C8 - jz 200
0191 - 05000148 - rem 328
0192 - 16000000 - push
0193 - 1800014B - ld 331
0194 - 03000148 - div 328
0195 - 1B00014B - st 331
0196 - 1800014F - ld 335
0197 - 06000000 - inc
0198 - 1B00014F - st 335
0199 - 0A0000BD - jmp 189
0200 - 1800014F - ld 335
0201 - 0C0000D2 - jz 210
0202 - 07000000 - dec
0203 - 1B00014F - st 335
0204 - 17000000 - pop
0205 - 01000149 - add 329
0206 - 1C000143 - sta 323
0207 - 0A0000C8 - jmp 200
0208 - 18000149 - ld 329
0209 - 1C000143 - sta 323
0210 - 1E000000 - ret
0211 - 1B000152 - st 338
0212 - 1A000000 - ldi 0
0213 - 1B000150 - st 336
0214 - 18000152 - ld 338
0215 - 01000150 - add 336
0216 - 1B000140 - st 320
0217 - 19000140 - lda 320
0218 - 0C0000E0 - jz 224
0219 - 1C000143 - sta 323
0220 - 18000150 - ld 336
0221 - 06000000 - inc
0222 - 1B000150 - st 336
0223 - 0A0000D6 - jmp 214
0224 - 1E000000 - ret
0225 - 1B000152 - st 338
0226 - 19000152 - lda 338
0227 - 0C0000F4 - jz 244
0228 - 1D000094 - call 148
0229 - 1A000001 - ldi 1
0230 - 1B000150 - st 336
0231 - 18000152 - ld 338
0232 - 01000150 - add 336
0233 - 1B000140 - st 320
0234 - 19000140 - lda 320
0235 - 0C0000F4 - jz 244
0236 - 18000145 - ld 325
0237 - 1C000143 - sta 323
0238 - 19000140 - lda 320
0239 - 1D000094 - call 148
0240 - 18000150 - ld 336
0241 - 06000000 - inc
0242 - 1B000150 - st 336
0243 - 0A0000E7 - jmp 231
0244 - 1E000000 - ret
0245 - 1B000152 - st 338
0246 - 1A000000 - ldi 0
0247 - 1B000150 - st 336
0248 - 18000152 - ld 338
0249 - 01000150 - add 336
0250 - 1B000140 - st 320
0251 - 19000140 - lda 320
0252 - 0C000101 - jz 257
0253 - 18000150 - ld 336
0254 - 06000000 - inc
0255 - 1B000150 - st 336
0256 - 0A0000F8 - jmp 248
0257 - 18000150 - ld 336
0258 - 1E000000 - ret
0259 - 17000000 - pop
0260 - 1B000141 - st 321
0261 - 17000000 - pop
0262 - 1B00016B - st 363
0263 - 17000000 - pop
0264 - 1B00016A - st 362
0265 - 17000000 - pop
0266 - 1B000169 - st 361
0267 - 18000169 - ld 361
0268 - 16000000 - push
0269 - 1800016A - ld 362
0270 - 1B000140 - st 320
0271 - 17000000 - pop
0272 - 01000140 - add 320
0273 - 1B000140 - st 320
0274 - 19000140 - lda 320
0275 - 1B00016C - st 364
0276 - 18000169 - ld 361
0277 - 16000000 - push
0278 - 1800016B - ld 363
0279 - 1B000140 - st 320
0280 - 17000000 - pop
0281 - 01000140 - add 320
0282 - 1B000140 - st 320
0283 - 19000140 - lda 320
0284 - 16000000 - push
0285 - 1800016A - ld 362
0286 - 1B000140 - st 320
0287 - 18000169 - ld 361
0288 - 01000140 - add 320
0289 - 1B000140 - st 320
0290 - 17000000 - pop
0291 - 1C000140 - sta 320
0292 - 1800016C - ld 364
0293 - 16000000 - push
0294 - 1800016B - ld 363
0295 - 1B000140 - st 320
0296 - 18000169 - ld 361
0297 - 01000140 - add 320
0298 - 1B000140 - st 320
0299 - 17000000 - pop
0300 - 1C000140 - sta 320
0301 - 1B000140 - st 320
0302 - 18000141 - ld 321
0303 - 16000000 - push
0304 - 18000140 - ld 320
0305 - 1E000000 - ret
0306 - 1A00016E - ldi 366
0307 - 1B00016D - st 365
0308 - 1800016D - ld 365
0309 - 16000000 - push
0310 - 1A000000 - ldi 0
0311 - 16000000 - push
0312 - 1A000004 - ldi 4
0313 - 16000000 - push
0314 - 1D000103 - call 259
0315 - 1800016D - ld 365
0316 - 1D0000E1 - call 225
0317 - 22000000 - halt