0000 - 0A000103 - jmp 259
0032 - 21000000 - iret
0033 - 1900010A - lda 266
0034 - 1B000112 - st 274
0035 - 21000000 - iret
0036 - 1F000000 - ei
0037 - 18000112 - ld 274
0038 - 0C000024 - jz 36
0039 - 20000000 - di
0040 - 1E000000 - ret
0041 - 1A000000 - ldi 0
0042 - 1B000113 - st 275
0043 - 1B000114 - st 276
0044 - 1D000024 - call 36
0045 - 18000112 - ld 274
0046 - 0B00010E - cmp 270
0047 - 0D000036 - jnz 54
0048 - 1A000000 - ldi 0
0049 - 1B000112 - st 274
0050 - 06000000 - inc
0051 - 1B000114 - st 276
0052 - 1D000024 - call 36
0053 - 18000112 - ld 274
0054 - 0B00010C - cmp 268
0055 - 0C000048 - jz 72
0056 - 0B000115 - cmp 277
0057 - 0C000048 - jz 72
0058 - 0B00010D - cmp 269
0059 - 0C00004A - jz 74
0060 - 0B000110 - cmp 272
0061 - 0C00004A - jz 74
0062 - 18000113 - ld 275
0063 - 04000110 - mul 272
0064 - 1B000113 - st 275
0065 - 18000112 - ld 274
0066 - 02000111 - sub 273
0067 - 01000113 - add 275
0068 - 1B000113 - st 275
0069 - 1A000000 - ldi 0
0070 - 1B000112 - st 274
0071 - 0A000034 - jmp 52
0072 - 1A000001 - ldi 1
0073 - 1B000116 - st 278
0074 - 18000114 - ld 276
0075 - 0C000050 - jz 80
0076 - 18000113 - ld 275
0077 - 08000000 - not
0078 - 06000000 - inc
0079 - 1B000113 - st 275
0080 - 1A000000 - ldi 0
0081 - 1B000112 - st 274
0082 - 18000113 - ld 275
0083 - 1E000000 - ret
0084 - 16000000 - push
0085 - 1A00011D - ldi 285
0086 - 0100011B - add 283
0087 - 1B000108 - st 264
0088 - 17000000 - pop
0089 - 1C000108 - sta 264
0090 - 1800011B - ld 283
0091 - 06000000 - inc
0092 - 1B00011B - st 283
0093 - 1E000000 - ret
0094 - 1A00011D - ldi 285
0095 - 0100011B - add 283
0096 - 1B00011A - st 282
0097 - 1800011B - ld 283
0098 - 0B00011C - cmp 284
0099 - 0C000073 - jz 115
0100 - 1D000024 - call 36
0101 - 18000112 - ld 274
0102 - 0B00010C - cmp 268
0103 - 0C000074 - jz 116
0104 - 0B000115 - cmp 277
0105 - 0C000074 - jz 116
0106 - 1D000054 - call 84
0107 - 1A000000 - ldi 0
0108 - 1B000112 - st 274
0109 - 1A00011D - ldi 285
0110 - 0100011B - add 283
0111 - 0200011A - sub 282
0112 - 02000119 - sub 281
0113 - 0C000074 - jz 116
0114 - 0A000061 - jmp 97
0115 - 22000000 - halt
0116 - 1A000000 - ldi 0
0117 - 1B000112 - st 274
0118 - 1B000119 - st 281
0119 - 1D000054 - call 84
0120 - 1800011A - ld 282
0121 - 1E000000 - ret
0122 - 1A00011D - ldi 285
0123 - 0100011B - add 283
0124 - 1B00011A - st 282
0125 - 1A000000 - ldi 0
0126 - 1B000116 - st 278
0127 - 1800011B - ld 283
0128 - 0B00011C - cmp 284
0129 - 0C00008C - jz 140
0130 - 1D000029 - call 41
0131 - 1D000054 - call 84
0132 - 18000116 - ld 278
0133 - 0D00008D - jnz 141
0134 - 1A00011D - ldi 285
0135 - 0100011B - add 283
0136 - 0200011A - sub 282
0137 - 02000119 - sub 281
0138 - 0C00008D - jz 141
0139 - 0A00007F - jmp 127
0140 - 22000000 - halt
0141 - 1A000000 - ldi 0
0142 - 1B000119 - st 281
0143 - 1D000054 - call 84
0144 - 1800011A - ld 282
0145 - 1E000000 - ret
0146 - 1C00010B - sta 267
0147 - 1E000000 - ret
0148 - 1B000113 - st 275
0149 - 0B00010F - cmp 271
0150 - 0C0000B5 - jz 181
0151 - 1000009C - jl 156
0152 - 1B000113 - st 275
0153 - 1A000000 - ldi 0
0154 - 1B000117 - st 279
0155 - 0A0000A2 - jmp 162
0156 - 1800010E - ld 270
0157 - 1C00010B - sta 267
0158 - 18000113 - ld 275
0159 - 08000000 - not
0160 - 06000000 - inc
0161 - 1B000113 - st 275
0162 - 18000113 - ld 275
0163 - 0C0000AD - jz 173
0164 - 05000110 - rem 272
0165 - 16000000 - push
0166 - 18000113 - ld 275
0167 - 03000110 - div 272
0168 - 1B000113 - st 275
0169 - 18000117 - ld 279
0170 - 06000000 - inc
0171 - 1B000117 - st 279
0172 - 0A0000A2 - jmp 162
0173 - 18000117 - ld 279
0174 - 0C0000B7 - jz 183
0175 - 07000000 - dec
0176 - 1B000117 - st 279
0177 - 17000000 - pop
0178 - 01000111 - add 273
0179 - 1C00010B - sta 267
0180 - 0A0000AD - jmp 173
0181 - 18000111 - ld 273
0182 - 1C00010B - sta 267
0183 - 1E000000 - ret
0184 - 1B000113 - st 275
0185 - 0B00010F - cmp 271
0186 - 0C0000D0 - jz 208
0187 - 1A000000 - ldi 0
0188 - 1B000117 - st 279
0189 - 18000113 - ld 275
0190 - 0C0000C8 - jz 200
0191 - 05000110 - rem 272
0192 - 16000000 - push
0193 - 18000113 - ld 275
0194 - 03000110 - div 272
0195 - 1B000113 - st 275
0196 - 18000117 - ld 279
0197 - 06000000 - inc
0198 - 1B000117 - st 279
0199 - 0A0000BD - jmp 189
0200 - 18000117 - ld 279
0201 - 0C0000D2 - jz 210
0202 - 07000000 - dec
0203 - 1B000117 - st 279
0204 - 17000000 - pop
0205 - 01000111 - add 273
0206 - 1C00010B - sta 267
0207 - 0A0000C8 - jmp 200
0208 - 18000111 - ld 273
0209 - 1C00010B - sta 267
0210 - 1E000000 - ret
0211 - 1B00011A - st 282
0212 - 1A000000 - ldi 0
0213 - 1B000118 - st 280
0214 - 1800011A - ld 282
0215 - 01000118 - add 280
0216 - 1B000108 - st 264
0217 - 19000108 - lda 264
0218 - 0C0000E0 - jz 224
0219 - 1C00010B - sta 267
0220 - 18000118 - ld 280
0221 - 06000000 - inc
0222 - 1B000118 - st 280
0223 - 0A0000D6 - jmp 214
0224 - 1E000000 - ret
0225 - 1B00011A - st 282
0226 - 1900011A - lda 282
0227 - 0C0000F4 - jz 244
0228 - 1D000094 - call 148
0229 - 1A000001 - ldi 1
0230 - 1B000118 - st 280
0231 - 1800011A - ld 282
0232 - 01000118 - add 280
0233 - 1B000108 - st 264
0234 - 19000108 - lda 264
0235 - 0C0000F4 - jz 244
0236 - 1800010D - ld 269
0237 - 1C00010B - sta 267
0238 - 19000108 - lda 264
0239 - 1D000094 - call 148
0240 - 18000118 - ld 280
0241 - 06000000 - inc
0242 - 1B000118 - st 280
0243 - 0A0000E7 - jmp 231
0244 - 1E000000 - ret
0245 - 1B00011A - st 282
0246 - 1A000000 - ldi 0
0247 - 1B000118 - st 280
0248 - 1800011A - ld 282
0249 - 01000118 - add 280
0250 - 1B000108 - st 264
0251 - 19000108 - lda 264
0252 - 0C000101 - jz 257
0253 - 18000118 - ld 280
0254 - 06000000 - inc
0255 - 1B000118 - st 280
0256 - 0A0000F8 - jmp 248
0257 - 18000118 - ld 280
0258 - 1E000000 - ret
0259 - 1A000131 - ldi 305
0260 - 1D0000D3 - call 211
0261 - 22000000 - halt