0000 - 0A000103 - jmp 259
0032 - 21000000 - iret
0033 - 19000127 - lda 295
0034 - 1B00012F - st 303
0035 - 21000000 - iret
0036 - 1F000000 - ei
0037 - 1800012F - ld 303
0038 - 0C000024 - jz 36
0039 - 20000000 - di
0040 - 1E000000 - ret
0041 - 1A000000 - ldi 0
0042 - 1B000130 - st 304
0043 - 1B000131 - st 305
0044 - 1D000024 - call 36
0045 - 1800012F - ld 303
0046 - 0B00012B - cmp 299
0047 - 0D000036 - jnz 54
0048 - 1A000000 - ldi 0
0049 - 1B00012F - st 303
0050 - 06000000 - inc
0051 - 1B000131 - st 305
0052 - 1D000024 - call 36
0053 - 1800012F - ld 303
0054 - 0B000129 - cmp 297
0055 - 0C000048 - jz 72
0056 - 0B000132 - cmp 306
0057 - 0C000048 - jz 72
0058 - 0B00012A - cmp 298
0059 - 0C00004A - jz 74
0060 - 0B00012D - cmp 301
0061 - 0C00004A - jz 74
0062 - 18000130 - ld 304
0063 - 0400012D - mul 301
0064 - 1B000130 - st 304
0065 - 1800012F - ld 303
0066 - 0200012E - sub 302
0067 - 01000130 - add 304
0068 - 1B000130 - st 304
0069 - 1A000000 - ldi 0
0070 - 1B00012F - st 303
0071 - 0A000034 - jmp 52
0072 - 1A000001 - ldi 1
0073 - 1B000133 - st 307
0074 - 18000131 - ld 305
0075 - 0C000050 - jz 80
0076 - 18000130 - ld 304
0077 - 08000000 - not
0078 - 06000000 - inc
0079 - 1B000130 - st 304
0080 - 1A000000 - ldi 0
0081 - 1B00012F - st 303
0082 - 18000130 - ld 304
0083 - 1E000000 - ret
0084 - 16000000 - push
0085 - 1A00013A - ldi 314
0086 - 01000138 - add 312
0087 - 1B000125 - st 293
0088 - 17000000 - pop
0089 - 1C000125 - sta 293
0090 - 18000138 - ld 312
0091 - 06000000 - inc
0092 - 1B000138 - st 312
0093 - 1E000000 - ret
0094 - 1A00013A - ldi 314
0095 - 01000138 - add 312
0096 - 1B000137 - st 311
0097 - 18000138 - ld 312
0098 - 0B000139 - cmp 313
0099 - 0C000073 - jz 115
0100 - 1D000024 - call 36
0101 - 1800012F - ld 303
0102 - 0B000129 - cmp 297
0103 - 0C000074 - jz 116
0104 - 0B000132 - cmp 306
0105 - 0C000074 - jz 116
0106 - 1D000054 - call 84
0107 - 1A000000 - ldi 0
0108 - 1B00012F - st 303
0109 - 1A00013A - ldi 314
0110 - 01000138 - add 312
0111 - 02000137 - sub 311
0112 - 02000136 - sub 310
0113 - 0C000074 - jz 116
0114 - 0A000061 - jmp 97
0115 - 22000000 - halt
0116 - 1A000000 - ldi 0
0117 - 1B00012F - st 303
0118 - 1B000136 - st 310
0119 - 1D000054 - call 84
0120 - 18000137 - ld 311
0121 - 1E000000 - ret
0122 - 1A00013A - ldi 314
0123 - 01000138 - add 312
0124 - 1B000137 - st 311
0125 - 1A000000 - ldi 0
0126 - 1B000133 - st 307
0127 - 18000138 - ld 312
0128 - 0B000139 - cmp 313
0129 - 0C00008C - jz 140
0130 - 1D000029 - call 41
0131 - 1D000054 - call 84
0132 - 18000133 - ld 307
0133 - 0D00008D - jnz 141
0134 - 1A00013A - ldi 314
0135 - 01000138 - add 312
0136 - 02000137 - sub 311
0137 - 02000136 - sub 310
0138 - 0C00008D - jz 141
0139 - 0A00007F - jmp 127
0140 - 22000000 - halt
0141 - 1A000000 - ldi 0
0142 - 1B000136 - st 310
0143 - 1D000054 - call 84
0144 - 18000137 - ld 311
0145 - 1E000000 - ret
0146 - 1C000128 - sta 296
0147 - 1E000000 - ret
0148 - 1B000130 - st 304
0149 - 0B00012C - cmp 300
0150 - 0C0000B5 - jz 181
0151 - 1000009C - jl 156
0152 - 1B000130 - st 304
0153 - 1A000000 - ldi 0
0154 - 1B000134 - st 308
0155 - 0A0000A2 - jmp 162
0156 - 1800012B - ld 299
0157 - 1C000128 - sta 296
0158 - 18000130 - ld 304
0159 - 08000000 - not
0160 - 06000000 - inc
0161 - 1B000130 - st 304
0162 - 18000130 - ld 304
0163 - 0C0000AD - jz 173
0164 - 0500012D - rem 301
0165 - 16000000 - push
0166 - 18000130 - ld 304
0167 - 0300012D - div 301
0168 - 1B000130 - st 304
0169 - 18000134 - ld 308
0170 - 06000000 - inc
0171 - 1B000134 - st 308
0172 - 0A0000A2 - jmp 162
0173 - 18000134 - ld 308
0174 - 0C0000B7 - jz 183
0175 - 07000000 - dec
0176 - 1B000134 - st 308
0177 - 17000000 - pop
0178 - 0100012E - add 302
0179 - 1C000128 - sta 296
0180 - 0A0000AD - jmp 173
0181 - 1800012E - ld 302
0182 - 1C000128 - sta 296
0183 - 1E000000 - ret
0184 - 1B000130 - st 304
0185 - 0B00012C - cmp 300
0186 - 0C0000D0 - jz 208
0187 - 1A000000 - ldi 0
0188 - 1B000134 - st 308
0189 - 18000130 - ld 304
0190 - 0C0000C8 - jz 200
0191 - 0500012D - rem 301
0192 - 16000000 - push
0193 - 18000130 - ld 304
0194 - 0300012D - div 301
0195 - 1B000130 - st 304
0196 - 18000134 - ld 308
0197 - 06000000 - inc
0198 - 1B000134 - st 308
0199 - 0A0000BD - jmp 189
0200 - 18000134 - ld 308
0201 - 0C0000D2 - jz 210
0202 - 07000000 - dec
0203 - 1B000134 - st 308
0204 - 17000000 - pop
0205 - 0100012E - add 302
0206 - 1C000128 - sta 296
0207 - 0A0000C8 - jmp 200
0208 - 1800012E - ld 302
0209 - 1C000128 - sta 296
0210 - 1E000000 - ret
0211 - 1B000137 - st 311
0212 - 1A000000 - ldi 0
0213 - 1B000135 - st 309
0214 - 18000137 - ld 311
0215 - 01000135 - add 309
0216 - 1B000125 - st 293
0217 - 19000125 - lda 293
0218 - 0C0000E0 - jz 224
0219 - 1C000128 - sta 296
0220 - 18000135 - ld 309
0221 - 06000000 - inc
0222 - 1B000135 - st 309
0223 - 0A0000D6 - jmp 214
0224 - 1E000000 - ret
0225 - 1B000137 - st 311
0226 - 19000137 - lda 311
0227 - 0C0000F4 - jz 244
0228 - 1D000094 - call 148
0229 - 1A000001 - ldi 1
0230 - 1B000135 - st 309
0231 - 18000137 - ld 311
0232 - 01000135 - add 309
0233 - 1B000125 - st 293
0234 - 19000125 - lda 293
0235 - 0C0000F4 - jz 244
0236 - 1800012A - ld 298
0237 - 1C000128 - sta 296
0238 - 19000125 - lda 293
0239 - 1D000094 - call 148
0240 - 18000135 - ld 309
0241 - 06000000 - inc
0242 - 1B000135 - st 309
0243 - 0A0000E7 - jmp 231
0244 - 1E000000 - ret
0245 - 1B000137 - st 311
0246 - 1A000000 - ldi 0
0247 - 1B000135 - st 309
0248 - 18000137 - ld 311
0249 - 01000135 - add 309
0250 - 1B000125 - st 293
0251 - 19000125 - lda 293
0252 - 0C000101 - jz 257
0253 - 18000135 - ld 309
0254 - 06000000 - inc
0255 - 1B000135 - st 309
0256 - 0A0000F8 - jmp 248
0257 - 18000135 - ld 309
0258 - 1E000000 - ret
0259 - 1A00000A - ldi 10
0260 - 1B00014E - st 334
0261 - 1800014E - ld 334
0262 - 16000000 - push
0263 - 1A000000 - ldi 0
0264 - 1B000125 - st 293
0265 - 17000000 - pop
0266 - 02000125 - sub 293
0267 - 0E00010D - jg 269
0268 - 0A000122 - jmp 290
0269 - 1800014E - ld 334
0270 - 16000000 - push
0271 - 1A000004 - ldi 4
0272 - 1B000125 - st 293
0273 - 17000000 - pop
0274 - 02000125 - sub 293
0275 - 0C000115 - jz 277
0276 - 0A000116 - jmp 278
0277 - 0A000122 - jmp 290
0278 - 1800014E - ld 334
0279 - 1D000094 - call 148
0280 - 1A000020 - ldi 32
0281 - 1D000092 - call 146
0282 - 1800014E - ld 334
0283 - 16000000 - push
0284 - 1A000001 - ldi 1
0285 - 1B000125 - st 293
0286 - 17000000 - pop
0287 - 02000125 - sub 293
0288 - 1B00014E - st 334
0289 - 0A000105 - jmp 261
0290 - 22000000 - halt