0000 - 0A000121 - jmp 289
0032 - 21000000 - iret
0033 - 1900012C - lda 300
0034 - 1B000134 - st 308
0035 - 21000000 - iret
0036 - 1F000000 - ei
0037 - 18000134 - ld 308
0038 - 0C000024 - jz 36
0039 - 20000000 - di
0040 - 1E000000 - ret
0041 - 1A000000 - ldi 0
0042 - 1B000135 - st 309
0043 - 1B000136 - st 310
0044 - 1D000024 - call 36
0045 - 18000134 - ld 308
0046 - 0B000130 - cmp 304
0047 - 0D000036 - jnz 54
0048 - 1A000000 - ldi 0
0049 - 1B000134 - st 308
0050 - 06000000 - inc
0051 - 1B000136 - st 310
0052 - 1D000024 - call 36
0053 - 18000134 - ld 308
0054 - 0B00012E - cmp 302
0055 - 0C000048 - jz 72
0056 - 0B000137 - cmp 311
0057 - 0C000048 - jz 72
0058 - 0B00012F - cmp 303
0059 - 0C00004A - jz 74
0060 - 0B000132 - cmp 306
0061 - 0C00004A - jz 74
0062 - 18000135 - ld 309
0063 - 04000132 - mul 306
0064 - 1B000135 - st 309
0065 - 18000134 - ld 308
0066 - 02000133 - sub 307
0067 - 01000135 - add 309
0068 - 1B000135 - st 309
0069 - 1A000000 - ldi 0
0070 - 1B000134 - st 308
0071 - 0A000034 - jmp 52
0072 - 1A000001 - ldi 1
0073 - 1B000138 - st 312
0074 - 18000136 - ld 310
0075 - 0C000050 - jz 80
0076 - 18000135 - ld 309
0077 - 08000000 - not
0078 - 06000000 - inc
0079 - 1B000135 - st 309
0080 - 1A000000 - ldi 0
0081 - 1B000134 - st 308
0082 - 18000135 - ld 309
0083 - 1E000000 - ret
0084 - 16000000 - push
0085 - 1A00013F - ldi 319
0086 - 0100013D - add 317
0087 - 1B00012A - st 298
0088 - 17000000 - pop
0089 - 1C00012A - sta 298
0090 - 1800013D - ld 317
0091 - 06000000 - inc
0092 - 1B00013D - st 317
0093 - 1E000000 - ret
0094 - 1A00013F - ldi 319
0095 - 0100013D - add 317
0096 - 1B00013C - st 316
0097 - 1800013D - ld 317
0098 - 0B00013E - cmp 318
0099 - 0C000073 - jz 115
0100 - 1D000024 - call 36
0101 - 18000134 - ld 308
0102 - 0B00012E - cmp 302
0103 - 0C000074 - jz 116
0104 - 0B000137 - cmp 311
0105 - 0C000074 - jz 116
0106 - 1D000054 - call 84
0107 - 1A000000 - ldi 0
0108 - 1B000134 - st 308
0109 - 1A00013F - ldi 319
0110 - 0100013D - add 317
0111 - 0200013C - sub 316
0112 - 0200013B - sub 315
0113 - 0C000074 - jz 116
0114 - 0A000061 - jmp 97
0115 - 22000000 - halt
0116 - 1A000000 - ldi 0
0117 - 1B000134 - st 308
0118 - 1B00013B - st 315
0119 - 1D000054 - call 84
0120 - 1800013C - ld 316
0121 - 1E000000 - ret
0122 - 1A00013F - ldi 319
0123 - 0100013D - add 317
0124 - 1B00013C - st 316
0125 - 1A000000 - ldi 0
0126 - 1B000138 - st 312
0127 - 1800013D - ld 317
0128 - 0B00013E - cmp 318
0129 - 0C00008C - jz 140
0130 - 1D000029 - call 41
0131 - 1D000054 - call 84
0132 - 18000138 - ld 312
0133 - 0D00008D - jnz 141
0134 - 1A00013F - ldi 319
0135 - 0100013D - add 317
0136 - 0200013C - sub 316
0137 - 0200013B - sub 315
0138 - 0C00008D - jz 141
0139 - 0A00007F - jmp 127
0140 - 22000000 - halt
0141 - 1A000000 - ldi 0
0142 - 1B00013B - st 315
0143 - 1D000054 - call 84
0144 - 1800013C - ld 316
0145 - 1E000000 - ret
0146 - 1C00012D - sta 301
0147 - 1E000000 - ret
0148 - 1B000135 - st 309
0149 - 0B000131 - cmp 305
0150 - 0C0000B5 - jz 181
0151 - 1000009C - jl 156
0152 - 1B000135 - st 309
0153 - 1A000000 - ldi 0
0154 - 1B000139 - st 313
0155 - 0A0000A2 - jmp 162
0156 - 18000130 - ld 304
0157 - 1C00012D - sta 301
0158 - 18000135 - ld 309
0159 - 08000000 - not
0160 - 06000000 - inc
0161 - 1B000135 - st 309
0162 - 18000135 - ld 309
0163 - 0C0000AD - jz 173
0164 - 05000132 - rem 306
0165 - 16000000 - push
0166 - 18000135 - ld 309
0167 - 03000132 - div 306
0168 - 1B000135 - st 309
0169 - 18000139 - ld 313
0170 - 06000000 - inc
0171 - 1B000139 - st 313
0172 - 0A0000A2 - jmp 162
0173 - 18000139 - ld 313
0174 - 0C0000B7 - jz 183
0175 - 07000000 - dec
0176 - 1B000139 - st 313
0177 - 17000000 - pop
0178 - 01000133 - add 307
0179 - 1C00012D - sta 301
0180 - 0A0000AD - jmp 173
0181 - 18000133 - ld 307
0182 - 1C00012D - sta 301
0183 - 1E000000 - ret
0184 - 1B000135 - st 309
0185 - 0B000131 - cmp 305
0186 - 0C0000D0 - jz 208
0187 - 1A000000 - ldi 0
0188 - 1B000139 - st 313
0189 - 18000135 - ld 309
0190 - 0C0000C8 - jz 200
0191 - 05000132 - rem 306
0192 - 16000000 - push
0193 - 18000135 - ld 309
0194 - 03000132 - div 306
0195 - 1B000135 - st 309
0196 - 18000139 - ld 313
0197 - 06000000 - inc
0198 - 1B000139 - st 313
0199 - 0A0000BD - jmp 189
0200 - 18000139 - ld 313
0201 - 0C0000D2 - jz 210
0202 - 07000000 - dec
0203 - 1B000139 - st 313
0204 - 17000000 - pop
0205 - 01000133 - add 307
0206 - 1C00012D - sta 301
0207 - 0A0000C8 - jmp 200
0208 - 18000133 - ld 307
0209 - 1C00012D - sta 301
0210 - 1E000000 - ret
0211 - 1B00013C - st 316
0212 - 1A000000 - ldi 0
0213 - 1B00013A - st 314
0214 - 1800013C - ld 316
0215 - 0100013A - add 314
0216 - 1B00012A - st 298
0217 - 1900012A - lda 298
0218 - 0C0000E0 - jz 224
0219 - 1C00012D - sta 301
0220 - 1800013A - ld 314
0221 - 06000000 - inc
0222 - 1B00013A - st 314
0223 - 0A0000D6 - jmp 214
0224 - 1E000000 - ret
0225 - 1B00013C - st 316
0226 - 1900013C - lda 316
0227 - 0C0000F4 - jz 244
0228 - 1D000094 - call 148
0229 - 1A000001 - ldi 1
0230 - 1B00013A - st 314
0231 - 1800013C - ld 316
0232 - 0100013A - add 314
0233 - 1B00012A - st 298
0234 - 1900012A - lda 298
0235 - 0C0000F4 - jz 244
0236 - 1800012F - ld 303
0237 - 1C00012D - sta 301
0238 - 1900012A - lda 298
0239 - 1D000094 - call 148
0240 - 1800013A - ld 314
0241 - 06000000 - inc
0242 - 1B00013A - st 314
0243 - 0A0000E7 - jmp 231
0244 - 1E000000 - ret
0245 - 1B00013C - st 316
0246 - 1A000000 - ldi 0
0247 - 1B00013A - st 314
0248 - 1800013C - ld 316
0249 - 0100013A - add 314
0250 - 1B00012A - st 298
0251 - 1900012A - lda 298
0252 - 0C000101 - jz 257
0253 - 1800013A - ld 314
0254 - 06000000 - inc
0255 - 1B00013A - st 314
0256 - 0A0000F8 - jmp 248
0257 - 1800013A - ld 314
0258 - 1E000000 - ret
0259 - 17000000 - pop
0260 - 1B00012B - st 299
0261 - 17000000 - pop
0262 - 1B000153 - st 339
0263 - 1A000154 - ldi 340
0264 - 1D0000D3 - call 211
0265 - 18000153 - ld 339
0266 - 1D000094 - call 148
0267 - 1A00000A - ldi 10
0268 - 1D000092 - call 146
0269 - 1B00012A - st 298
0270 - 1800012B - ld 299
0271 - 16000000 - push
0272 - 1800012A - ld 298
0273 - 1E000000 - ret
0274 - 17000000 - pop
0275 - 1B00012B - st 299
0276 - 17000000 - pop
0277 - 1B000162 - st 354
0278 - 1A000163 - ldi 355
0279 - 1D0000D3 - call 211
0280 - 18000162 - ld 354
0281 - 1D0000D3 - call 211
0282 - 1A000174 - ldi 372
0283 - 1D0000D3 - call 211
0284 - 1B00012A - st 298
0285 - 1800012B - ld 299
0286 - 16000000 - push
0287 - 1800012A - ld 298
0288 - 1E000000 - ret
0289 - 1A00007B - ldi 123
0290 - 16000000 - push
0291 - 1D000103 - call 259
0292 - 1A000176 - ldi 374
0293 - 16000000 - push
0294 - 1D000112 - call 274
0295 - 22000000 - halt