0000 - 0A000131 - jmp 305
0032 - 21000000 - iret
0033 - 1900013A - lda 314
0034 - 1B000142 - st 322
0035 - 21000000 - iret
0036 - 1F000000 - ei
0037 - 18000142 - ld 322
0038 - 0C000024 - jz 36
0039 - 20000000 - di
0040 - 1E000000 - ret
0041 - 1A000000 - ldi 0
0042 - 1B000143 - st 323
0043 - 1B000144 - st 324
0044 - 1D000024 - call 36
0045 - 18000142 - ld 322
0046 - 0B00013E - cmp 318
0047 - 0D000036 - jnz 54
0048 - 1A000000 - ldi 0
0049 - 1B000142 - st 322
0050 - 06000000 - inc
0051 - 1B000144 - st 324
0052 - 1D000024 - call 36
0053 - 18000142 - ld 322
0054 - 0B00013C - cmp 316
0055 - 0C000048 - jz 72
0056 - 0B000145 - cmp 325
0057 - 0C000048 - jz 72
0058 - 0B00013D - cmp 317
0059 - 0C00004A - jz 74
0060 - 0B000140 - cmp 320
0061 - 0C00004A - jz 74
0062 - 18000143 - ld 323
0063 - 04000140 - mul 320
0064 - 1B000143 - st 323
0065 - 18000142 - ld 322
0066 - 02000141 - sub 321
0067 - 01000143 - add 323
0068 - 1B000143 - st 323
0069 - 1A000000 - ldi 0
0070 - 1B000142 - st 322
0071 - 0A000034 - jmp 52
0072 - 1A000001 - ldi 1
0073 - 1B000146 - st 326
0074 - 18000144 - ld 324
0075 - 0C000050 - jz 80
0076 - 18000143 - ld 323
0077 - 08000000 - not
0078 - 06000000 - inc
0079 - 1B000143 - st 323
0080 - 1A000000 - ldi 0
0081 - 1B000142 - st 322
0082 - 18000143 - ld 323
0083 - 1E000000 - ret
0084 - 16000000 - push
0085 - 1A00014D - ldi 333
0086 - 0100014B - add 331
0087 - 1B000138 - st 312
0088 - 17000000 - pop
0089 - 1C000138 - sta 312
0090 - 1800014B - ld 331
0091 - 06000000 - inc
0092 - 1B00014B - st 331
0093 - 1E000000 - ret
0094 - 1A00014D - ldi 333
0095 - 0100014B - add 331
0096 - 1B00014A - st 330
0097 - 1800014B - ld 331
0098 - 0B00014C - cmp 332
0099 - 0C000073 - jz 115
0100 - 1D000024 - call 36
0101 - 18000142 - ld 322
0102 - 0B00013C - cmp 316
0103 - 0C000074 - jz 116
0104 - 0B000145 - cmp 325
0105 - 0C000074 - jz 116
0106 - 1D000054 - call 84
0107 - 1A000000 - ldi 0
0108 - 1B000142 - st 322
0109 - 1A00014D - ldi 333
0110 - 0100014B - add 331
0111 - 0200014A - sub 330
0112 - 02000149 - sub 329
0113 - 0C000074 - jz 116
0114 - 0A000061 - jmp 97
0115 - 22000000 - halt
0116 - 1A000000 - ldi 0
0117 - 1B000142 - st 322
0118 - 1B000149 - st 329
0119 - 1D000054 - call 84
0120 - 1800014A - ld 330
0121 - 1E000000 - ret
0122 - 1A00014D - ldi 333
0123 - 0100014B - add 331
0124 - 1B00014A - st 330
0125 - 1A000000 - ldi 0
0126 - 1B000146 - st 326
0127 - 1800014B - ld 331
0128 - 0B00014C - cmp 332
0129 - 0C00008C - jz 140
0130 - 1D000029 - call 41
0131 - 1D000054 - call 84
0132 - 18000146 - ld 326
0133 - 0D00008D - jnz 141
0134 - 1A00014D - ldi 333
0135 - 0100014B - add 331
0136 - 0200014A - sub 330
0137 - 02000149 - sub 329
0138 - 0C00008D - jz 141
0139 - 0A00007F - jmp 127
0140 - 22000000 - halt
0141 - 1A000000 - ldi 0
0142 - 1B000149 - st 329
0143 - 1D000054 - call 84
0144 - 1800014A - ld 330
0145 - 1E000000 - ret
0146 - 1C00013B - sta 315
0147 - 1E000000 - ret
0148 - 1B000143 - st 323
0149 - 0B00013F - cmp 319
0150 - 0C0000B5 - jz 181
0151 - 1000009C - jl 156
0152 - 1B000143 - st 323
0153 - 1A000000 - ldi 0
0154 - 1B000147 - st 327
0155 - 0A0000A2 - jmp 162
0156 - 1800013E - ld 318
0157 - 1C00013B - sta 315
0158 - 18000143 - ld 323
0159 - 08000000 - not
0160 - 06000000 - inc
0161 - 1B000143 - st 323
0162 - 18000143 - ld 323
0163 - 0C0000AD - jz 173
0164 - 05000140 - rem 320
0165 - 16000000 - push
0166 - 18000143 - ld 323
0167 - 03000140 - div 320
0168 - 1B000143 - st 323
0169 - 18000147 - ld 327
0170 - 06000000 - inc
0171 - 1B000147 - st 327
0172 - 0A0000A2 - jmp 162
0173 - 18000147 - ld 327
0174 - 0C0000B7 - jz 183
0175 - 07000000 - dec
0176 - 1B000147 - st 327
0177 - 17000000 - pop
0178 - 01000141 - add 321
0179 - 1C00013B - sta 315
0180 - 0A0000AD - jmp 173
0181 - 18000141 - ld 321
0182 - 1C00013B - sta 315
0183 - 1E000000 - ret
0184 - 1B000143 - st 323
0185 - 0B00013F - cmp 319
0186 - 0C0000D0 - jz 208
0187 - 1A000000 - ldi 0
0188 - 1B000147 - st 327
0189 - 18000143 - ld 323
0190 - 0C0000C8 - jz 200
0191 - 05000140 - rem 320
0192 - 16000000 - push
0193 - 18000143 - ld 323
0194 - 03000140 - div 320
0195 - 1B000143 - st 323
0196 - 18000147 - ld 327
0197 - 06000000 - inc
0198 - 1B000147 - st 327
0199 - 0A0000BD - jmp 189
0200 - 18000147 - ld 327
0201 - 0C0000D2 - jz 210
0202 - 07000000 - dec
0203 - 1B000147 - st 327
0204 - 17000000 - pop
0205 - 01000141 - add 321
0206 - 1C00013B - sta 315
0207 - 0A0000C8 - jmp 200
0208 - 18000141 - ld 321
0209 - 1C00013B - sta 315
0210 - 1E000000 - ret
0211 - 1B00014A - st 330
0212 - 1A000000 - ldi 0
0213 - 1B000148 - st 328
0214 - 1800014A - ld 330
0215 - 01000148 - add 328
0216 - 1B000138 - st 312
0217 - 19000138 - lda 312
0218 - 0C0000E0 - jz 224
0219 - 1C00013B - sta 315
0220 - 18000148 - ld 328
0221 - 06000000 - inc
0222 - 1B000148 - st 328
0223 - 0A0000D6 - jmp 214
0224 - 1E000000 - ret
0225 - 1B00014A - st 330
0226 - 1900014A - lda 330
0227 - 0C0000F4 - jz 244
0228 - 1D000094 - call 148
0229 - 1A000001 - ldi 1
0230 - 1B000148 - st 328
0231 - 1800014A - ld 330
0232 - 01000148 - add 328
0233 - 1B000138 - st 312
0234 - 19000138 - lda 312
0235 - 0C0000F4 - jz 244
0236 - 1800013D - ld 317
0237 - 1C00013B - sta 315
0238 - 19000138 - lda 312
0239 - 1D000094 - call 148
0240 - 18000148 - ld 328
0241 - 06000000 - inc
0242 - 1B000148 - st 328
0243 - 0A0000E7 - jmp 231
0244 - 1E000000 - ret
0245 - 1B00014A - st 330
0246 - 1A000000 - ldi 0
0247 - 1B000148 - st 328
0248 - 1800014A - ld 330
0249 - 01000148 - add 328
0250 - 1B000138 - st 312
0251 - 19000138 - lda 312
0252 - 0C000101 - jz 257
0253 - 18000148 - ld 328
0254 - 06000000 - inc
0255 - 1B000148 - st 328
0256 - 0A0000F8 - jmp 248
0257 - 18000148 - ld 328
0258 - 1E000000 - ret
0259 - 17000000 - pop
0260 - 1B000139 - st 313
0261 - 17000000 - pop
0262 - 1B000161 - st 353
0263 - 18000161 - ld 353
0264 - 16000000 - push
0265 - 1A000001 - ldi 1
0266 - 1B000138 - st 312
0267 - 17000000 - pop
0268 - 02000138 - sub 312
0269 - 1100010F - jle 271
0270 - 0A000115 - jmp 277
0271 - 1A000001 - ldi 1
0272 - 1B000138 - st 312
0273 - 18000139 - ld 313
0274 - 16000000 - push
0275 - 18000138 - ld 312
0276 - 1E000000 - ret
0277 - 18000161 - ld 353
0278 - 16000000 - push
0279 - 18000139 - ld 313
0280 - 16000000 - push
0281 - 18000161 - ld 353
0282 - 16000000 - push
0283 - 18000161 - ld 353
0284 - 16000000 - push
0285 - 1A000001 - ldi 1
0286 - 1B000138 - st 312
0287 - 17000000 - pop
0288 - 02000138 - sub 312
0289 - 16000000 - push
0290 - 1D000103 - call 259
0291 - 1B000138 - st 312
0292 - 17000000 - pop
0293 - 1B000161 - st 353
0294 - 17000000 - pop
0295 - 1B000139 - st 313
0296 - 18000138 - ld 312
0297 - 1B000138 - st 312
0298 - 17000000 - pop
0299 - 04000138 - mul 312
0300 - 1B000138 - st 312
0301 - 18000139 - ld 313
0302 - 16000000 - push
0303 - 18000138 - ld 312
0304 - 1E000000 - ret
0305 - 1A000005 - ldi 5
0306 - 16000000 - push
0307 - 1D000103 - call 259
0308 - 1D000094 - call 148
0309 - 22000000 - halt