0000 - 0A000103 - jmp 259
0032 - 21000000 - iret
0033 - 19000135 - lda 309
0034 - 1B00013D - st 317
0035 - 21000000 - iret
0036 - 1F000000 - ei
0037 - 1800013D - ld 317
0038 - 0C000024 - jz 36
0039 - 20000000 - di
0040 - 1E000000 - ret
0041 - 1A000000 - ldi 0
0042 - 1B00013E - st 318
0043 - 1B00013F - st 319
0044 - 1D000024 - call 36
0045 - 1800013D - ld 317
0046 - 0B000139 - cmp 313
0047 - 0D000036 - jnz 54
0048 - 1A000000 - ldi 0
0049 - 1B00013D - st 317
0050 - 06000000 - inc
0051 - 1B00013F - st 319
0052 - 1D000024 - call 36
0053 - 1800013D - ld 317
0054 - 0B000137 - cmp 311
0055 - 0C000048 - jz 72
0056 - 0B000140 - cmp 320
0057 - 0C000048 - jz 72
0058 - 0B000138 - cmp 312
0059 - 0C00004A - jz 74
0060 - 0B00013B - cmp 315
0061 - 0C00004A - jz 74
0062 - 1800013E - ld 318
0063 - 0400013B - mul 315
0064 - 1B00013E - st 318
0065 - 1800013D - ld 317
0066 - 0200013C - sub 316
0067 - 0100013E - add 318
0068 - 1B00013E - st 318
0069 - 1A000000 - ldi 0
0070 - 1B00013D - st 317
0071 - 0A000034 - jmp 52
0072 - 1A000001 - ldi 1
0073 - 1B000141 - st 321
0074 - 1800013F - ld 319
0075 - 0C000050 - jz 80
0076 - 1800013E - ld 318
0077 - 08000000 - not
0078 - 06000000 - inc
0079 - 1B00013E - st 318
0080 - 1A000000 - ldi 0
0081 - 1B00013D - st 317
0082 - 1800013E - ld 318
0083 - 1E000000 - ret
0084 - 16000000 - push
0085 - 1A000148 - ldi 328
0086 - 01000146 - add 326
0087 - 1B000133 - st 307
0088 - 17000000 - pop
0089 - 1C000133 - sta 307
0090 - 18000146 - ld 326
0091 - 06000000 - inc
0092 - 1B000146 - st 326
0093 - 1E000000 - ret
0094 - 1A000148 - ldi 328
0095 - 01000146 - add 326
0096 - 1B000145 - st 325
0097 - 18000146 - ld 326
0098 - 0B000147 - cmp 327
0099 - 0C000073 - jz 115
0100 - 1D000024 - call 36
0101 - 1800013D - ld 317
0102 - 0B000137 - cmp 311
0103 - 0C000074 - jz 116
0104 - 0B000140 - cmp 320
0105 - 0C000074 - jz 116
0106 - 1D000054 - call 84
0107 - 1A000000 - ldi 0
0108 - 1B00013D - st 317
0109 - 1A000148 - ldi 328
0110 - 01000146 - add 326
0111 - 02000145 - sub 325
0112 - 02000144 - sub 324
0113 - 0C000074 - jz 116
0114 - 0A000061 - jmp 97
0115 - 22000000 - halt
0116 - 1A000000 - ldi 0
0117 - 1B00013D - st 317
0118 - 1B000144 - st 324
0119 - 1D000054 - call 84
0120 - 18000145 - ld 325
0121 - 1E000000 - ret
0122 - 1A000148 - ldi 328
0123 - 01000146 - add 326
0124 - 1B000145 - st 325
0125 - 1A000000 - ldi 0
0126 - 1B000141 - st 321
0127 - 18000146 - ld 326
0128 - 0B000147 - cmp 327
0129 - 0C00008C - jz 140
0130 - 1D000029 - call 41
0131 - 1D000054 - call 84
0132 - 18000141 - ld 321
0133 - 0D00008D - jnz 141
0134 - 1A000148 - ldi 328
0135 - 01000146 - add 326
0136 - 02000145 - sub 325
0137 - 02000144 - sub 324
0138 - 0C00008D - jz 141
0139 - 0A00007F - jmp 127
0140 - 22000000 - halt
0141 - 1A000000 - ldi 0
0142 - 1B000144 - st 324
0143 - 1D000054 - call 84
0144 - 18000145 - ld 325
0145 - 1E000000 - ret
0146 - 1C000136 - sta 310
0147 - 1E000000 - ret
0148 - 1B00013E - st 318
0149 - 0B00013A - cmp 314
0150 - 0C0000B5 - jz 181
0151 - 1000009C - jl 156
0152 - 1B00013E - st 318
0153 - 1A000000 - ldi 0
0154 - 1B000142 - st 322
0155 - 0A0000A2 - jmp 162
0156 - 18000139 - ld 313
0157 - 1C000136 - sta 310
0158 - 1800013E - ld 318
0159 - 08000000 - not
0160 - 06000000 - inc
0161 - 1B00013E - st 318
0162 - 1800013E - ld 318
0163 - 0C0000AD - jz 173
0164 - 0500013B - rem 315
0165 - 16000000 - push
0166 - 1800013E - ld 318
0167 - 0300013B - div 315
0168 - 1B00013E - st 318
0169 - 18000142 - ld 322
0170 - 06000000 - inc
0171 - 1B000142 - st 322
0172 - 0A0000A2 - jmp 162
0173 - 18000142 - ld 322
0174 - 0C0000B7 - jz 183
0175 - 07000000 - dec
0176 - 1B000142 - st 322
0177 - 17000000 - pop
0178 - 0100013C - add 316
0179 - 1C000136 - sta 310
0180 - 0A0000AD - jmp 173
0181 - 1800013C - ld 316
0182 - 1C000136 - sta 310
0183 - 1E000000 - ret
0184 - 1B00013E - st 318
0185 - 0B00013A - cmp 314
0186 - 0C0000D0 - jz 208
0187 - 1A000000 - ldi 0
0188 - 1B000142 - st 322
0189 - 1800013E - ld 318
0190 - 0C0000C8 - jz 200
0191 - 0500013B - rem 315
0192 - 16000000 - push
0193 - 1800013E - ld 318
0194 - 0300013B - div 315
0195 - 1B00013E - st 318
0196 - 18000142 - ld 322
0197 - 06000000 - inc
0198 - 1B000142 - st 322
0199 - 0A0000BD - jmp 189
0200 - 18000142 - ld 322
0201 - 0C0000D2 - jz 210
0202 - 07000000 - dec
0203 - 1B000142 - st 322
0204 - 17000000 - pop
0205 - 0100013C - add 316
0206 - 1C000136 - sta 310
0207 - 0A0000C8 - jmp 200
0208 - 1800013C - ld 316
0209 - 1C000136 - sta 310
0210 - 1E000000 - ret
0211 - 1B000145 - st 325
0212 - 1A000000 - ldi 0
0213 - 1B000143 - st 323
0214 - 18000145 - ld 325
0215 - 01000143 - add 323
0216 - 1B000133 - st 307
0217 - 19000133 - lda 307
0218 - 0C0000E0 - jz 224
0219 - 1C000136 - sta 310
0220 - 18000143 - ld 323
0221 - 06000000 - inc
0222 - 1B000143 - st 323
0223 - 0A0000D6 - jmp 214
0224 - 1E000000 - ret
0225 - 1B000145 - st 325
0226 - 19000145 - lda 325
0227 - 0C0000F4 - jz 244
0228 - 1D000094 - call 148
0229 - 1A000001 - ldi 1
0230 - 1B000143 - st 323
0231 - 18000145 - ld 325
0232 - 01000143 - add 323
0233 - 1B000133 - st 307
0234 - 19000133 - lda 307
0235 - 0C0000F4 - jz 244
0236 - 18000138 - ld 312
0237 - 1C000136 - sta 310
0238 - 19000133 - lda 307
0239 - 1D000094 - call 148
0240 - 18000143 - ld 323
0241 - 06000000 - inc
0242 - 1B000143 - st 323
0243 - 0A0000E7 - jmp 231
0244 - 1E000000 - ret
0245 - 1B000145 - st 325
0246 - 1A000000 - ldi 0
0247 - 1B000143 - st 323
0248 - 18000145 - ld 325
0249 - 01000143 - add 323
0250 - 1B000133 - st 307
0251 - 19000133 - lda 307
0252 - 0C000101 - jz 257
0253 - 18000143 - ld 323
0254 - 06000000 - inc
0255 - 1B000143 - st 323
0256 - 0A0000F8 - jmp 248
0257 - 18000143 - ld 323
0258 - 1E000000 - ret
0259 - 1A000001 - ldi 1
0260 - 1B00015C - st 348
0261 - 18000161 - ld 353
0262 - 1B00015D - st 349
0263 - 1A000002 - ldi 2
0264 - 1B00015F - st 351
0265 - 18000161 - ld 353
0266 - 1B000160 - st 352
0267 - 1A000000 - ldi 0
0268 - 1B000162 - st 354
0269 - 1800015D - ld 349
0270 - 16000000 - push
0271 - 18000160 - ld 352
0272 - 1B000133 - st 307
0273 - 17000000 - pop
0274 - 01000133 - add 307
0275 - 1B000163 - st 355
0276 - 18000163 - ld 355
0277 - 16000000 - push
0278 - 1800015D - ld 349
0279 - 1B000133 - st 307
0280 - 17000000 - pop
0281 - 02000133 - sub 307
0282 - 1000011C - jl 284
0283 - 0A00011E - jmp 286
0284 - 1A000001 - ldi 1
0285 - 1B000162 - st 354
0286 - 1800015C - ld 348
0287 - 16000000 - push
0288 - 1800015F - ld 351
0289 - 1B000133 - st 307
0290 - 17000000 - pop
0291 - 01000133 - add 307
0292 - 16000000 - push
0293 - 18000162 - ld 354
0294 - 1B000133 - st 307
0295 - 17000000 - pop
0296 - 01000133 - add 307
0297 - 1B000164 - st 356
0298 - 18000164 - ld 356
0299 - 1D0000B8 - call 184
0300 - 1A000165 - ldi 357
0301 - 1D0000D3 - call 211
0302 - 18000163 - ld 355
0303 - 1D0000B8 - call 184
0304 - 22000000 - halt