0000 - 0A000103 - jmp 259
0032 - 21000000 - iret
0033 - 19000114 - lda 276
0034 - 1B00011C - st 284
0035 - 21000000 - iret
0036 - 1F000000 - ei
0037 - 1800011C - ld 284
0038 - 0C000024 - jz 36
0039 - 20000000 - di
0040 - 1E000000 - ret
0041 - 1A000000 - ldi 0
0042 - 1B00011D - st 285
0043 - 1B00011E - st 286
0044 - 1D000024 - call 36
0045 - 1800011C - ld 284
0046 - 0B000118 - cmp 280
0047 - 0D000036 - jnz 54
0048 - 1A000000 - ldi 0
0049 - 1B00011C - st 284
0050 - 06000000 - inc
0051 - 1B00011E - st 286
0052 - 1D000024 - call 36
0053 - 1800011C - ld 284
0054 - 0B000116 - cmp 278
0055 - 0C000048 - jz 72
0056 - 0B00011F - cmp 287
0057 - 0C000048 - jz 72
0058 - 0B000117 - cmp 279
0059 - 0C00004A - jz 74
0060 - 0B00011A - cmp 282
0061 - 0C00004A - jz 74
0062 - 1800011D - ld 285
0063 - 0400011A - mul 282
0064 - 1B00011D - st 285
0065 - 1800011C - ld 284
0066 - 0200011B - sub 283
0067 - 0100011D - add 285
0068 - 1B00011D - st 285
0069 - 1A000000 - ldi 0
0070 - 1B00011C - st 284
0071 - 0A000034 - jmp 52
0072 - 1A000001 - ldi 1
0073 - 1B000120 - st 288
0074 - 1800011E - ld 286
0075 - 0C000050 - jz 80
0076 - 1800011D - ld 285
0077 - 08000000 - not
0078 - 06000000 - inc
0079 - 1B00011D - st 285
0080 - 1A000000 - ldi 0
0081 - 1B00011C - st 284
0082 - 1800011D - ld 285
0083 - 1E000000 - ret
0084 - 16000000 - push
0085 - 1A000127 - ldi 295
0086 - 01000125 - add 293
0087 - 1B000112 - st 274
0088 - 17000000 - pop
0089 - 1C000112 - sta 274
0090 - 18000125 - ld 293
0091 - 06000000 - inc
0092 - 1B000125 - st 293
0093 - 1E000000 - ret
0094 - 1A000127 - ldi 295
0095 - 01000125 - add 293
0096 - 1B000124 - st 292
0097 - 18000125 - ld 293
0098 - 0B000126 - cmp 294
0099 - 0C000073 - jz 115
0100 - 1D000024 - call 36
0101 - 1800011C - ld 284
0102 - 0B000116 - cmp 278
0103 - 0C000074 - jz 116
0104 - 0B00011F - cmp 287
0105 - 0C000074 - jz 116
0106 - 1D000054 - call 84
0107 - 1A000000 - ldi 0
0108 - 1B00011C - st 284
0109 - 1A000127 - ldi 295
0110 - 01000125 - add 293
0111 - 02000124 - sub 292
0112 - 02000123 - sub 291
0113 - 0C000074 - jz 116
0114 - 0A000061 - jmp 97
0115 - 22000000 - halt
0116 - 1A000000 - ldi 0
0117 - 1B00011C - st 284
0118 - 1B000123 - st 291
0119 - 1D000054 - call 84
0120 - 18000124 - ld 292
0121 - 1E000000 - ret
0122 - 1A000127 - ldi 295
0123 - 01000125 - add 293
0124 - 1B000124 - st 292
0125 - 1A000000 - ldi 0
0126 - 1B000120 - st 288
0127 - 18000125 - ld 293
0128 - 0B000126 - cmp 294
0129 - 0C00008C - jz 140
0130 - 1D000029 - call 41
0131 - 1D000054 - call 84
0132 - 18000120 - ld 288
0133 - 0D00008D - jnz 141
0134 - 1A000127 - ldi 295
0135 - 01000125 - add 293
0136 - 02000124 - sub 292
0137 - 02000123 - sub 291
0138 - 0C00008D - jz 141
0139 - 0A00007F - jmp 127
0140 - 22000000 - halt
0141 - 1A000000 - ldi 0
0142 - 1B000123 - st 291
0143 - 1D000054 - call 84
0144 - 18000124 - ld 292
0145 - 1E000000 - ret
0146 - 1C000115 - sta 277
0147 - 1E000000 - ret
0148 - 1B00011D - st 285
0149 - 0B000119 - cmp 281
0150 - 0C0000B5 - jz 181
0151 - 1000009C - jl 156
0152 - 1B00011D - st 285
0153 - 1A000000 - ldi 0
0154 - 1B000121 - st 289
0155 - 0A0000A2 - jmp 162
0156 - 18000118 - ld 280
0157 - 1C000115 - sta 277
0158 - 1800011D - ld 285
0159 - 08000000 - not
0160 - 06000000 - inc
0161 - 1B00011D - st 285
0162 - 1800011D - ld 285
0163 - 0C0000AD - jz 173
0164 - 0500011A - rem 282
0165 - 16000000 - push
0166 - 1800011D - ld 285
0167 - 0300011A - div 282
0168 - 1B00011D - st 285
0169 - 18000121 - ld 289
0170 - 06000000 - inc
0171 - 1B000121 - st 289
0172 - 0A0000A2 - jmp 162
0173 - 18000121 - ld 289
0174 - 0C0000B7 - jz 183
0175 - 07000000 - dec
0176 - 1B000121 - st 289
0177 - 17000000 - pop
0178 - 0100011B - add 283
0179 - 1C000115 - sta 277
0180 - 0A0000AD - jmp 173
0181 - 1800011B - ld 283
0182 - 1C000115 - sta 277
0183 - 1E000000 - ret
0184 - 1B00011D - st 285
0185 - 0B000119 - cmp 281
0186 - 0C0000D0 - jz 208
0187 - 1A000000 - ldi 0
0188 - 1B000121 - st 289
0189 - 1800011D - ld 285
0190 - 0C0000C8 - jz 200
0191 - 0500011A - rem 282
0192 - 16000000 - push
0193 - 1800011D - ld 285
0194 - 0300011A - div 282
0195 - 1B00011D - st 285
0196 - 18000121 - ld 289
0197 - 06000000 - inc
0198 - 1B000121 - st 289
0199 - 0A0000BD - jmp 189
0200 - 18000121 - ld 289
0201 - 0C0000D2 - jz 210
0202 - 07000000 - dec
0203 - 1B000121 - st 289
0204 - 17000000 - pop
0205 - 0100011B - add 283
0206 - 1C000115 - sta 277
0207 - 0A0000C8 - jmp 200
0208 - 1800011B - ld 283
0209 - 1C000115 - sta 277
0210 - 1E000000 - ret
0211 - 1B000124 - st 292
0212 - 1A000000 - ldi 0
0213 - 1B000122 - st 290
0214 - 18000124 - ld 292
0215 - 01000122 - add 290
0216 - 1B000112 - st 274
0217 - 19000112 - lda 274
0218 - 0C0000E0 - jz 224
0219 - 1C000115 - sta 277
0220 - 18000122 - ld 290
0221 - 06000000 - inc
0222 - 1B000122 - st 290
0223 - 0A0000D6 - jmp 214
0224 - 1E000000 - ret
0225 - 1B000124 - st 292
0226 - 19000124 - lda 292
0227 - 0C0000F4 - jz 244
0228 - 1D000094 - call 148
0229 - 1A000001 - ldi 1
0230 - 1B000122 - st 290
0231 - 18000124 - ld 292
0232 - 01000122 - add 290
0233 - 1B000112 - st 274
0234 - 19000112 - lda 274
0235 - 0C0000F4 - jz 244
0236 - 18000117 - ld 279
0237 - 1C000115 - sta 277
0238 - 19000112 - lda 274
0239 - 1D000094 - call 148
0240 - 18000122 - ld 290
0241 - 06000000 - inc
0242 - 1B000122 - st 290
0243 - 0A0000E7 - jmp 231
0244 - 1E000000 - ret
0245 - 1B000124 - st 292
0246 - 1A000000 - ldi 0
0247 - 1B000122 - st 290
0248 - 18000124 - ld 292
0249 - 01000122 - add 290
0250 - 1B000112 - st 274
0251 - 19000112 - lda 274
0252 - 0C000101 - jz 257
0253 - 18000122 - ld 290
0254 - 06000000 - inc
0255 - 1B000122 - st 290
0256 - 0A0000F8 - jmp 248
0257 - 18000122 - ld 290
0258 - 1E000000 - ret
0259 - 1A00013B - ldi 315
0260 - 1D0000D3 - call 211
0261 - 1A000000 - ldi 0
0262 - 1B000123 - st 291
0263 - 1D00005E - call 94
0264 - 1B00014F - st 335
0265 - 1A000150 - ldi 336
0266 - 1D0000D3 - call 211
0267 - 1800014F - ld 335
0268 - 1D0000D3 - call 211
0269 - 1A000158 - ldi 344
0270 - 1D0000D3 - call 211
0271 - 22000000 - halt