0000 - 0A000103 - jmp 259
0032 - 21000000 - iret
0033 - 19000144 - lda 324
0034 - 1B00014C - st 332
0035 - 21000000 - iret
0036 - 1F000000 - ei
0037 - 1800014C - ld 332
0038 - 0C000024 - jz 36
0039 - 20000000 - di
0040 - 1E000000 - ret
0041 - 1A000000 - ldi 0
0042 - 1B00014D - st 333
0043 - 1B00014E - st 334
0044 - 1D000024 - call 36
0045 - 1800014C - ld 332
0046 - 0B000148 - cmp 328
0047 - 0D000036 - jnz 54
0048 - 1A000000 - ldi 0
0049 - 1B00014C - st 332
0050 - 06000000 - inc
0051 - 1B00014E - st 334
0052 - 1D000024 - call 36
0053 - 1800014C - ld 332
0054 - 0B000146 - cmp 326
0055 - 0C000048 - jz 72
0056 - 0B00014F - cmp 335
0057 - 0C000048 - jz 72
0058 - 0B000147 - cmp 327
0059 - 0C00004A - jz 74
0060 - 0B00014A - cmp 330
0061 - 0C00004A - jz 74
0062 - 1800014D - ld 333
0063 - 0400014A - mul 330
0064 - 1B00014D - st 333
0065 - 1800014C - ld 332
0066 - 0200014B - sub 331
0067 - 0100014D - add 333
0068 - 1B00014D - st 333
0069 - 1A000000 - ldi 0
0070 - 1B00014C - st 332
0071 - 0A000034 - jmp 52
0072 - 1A000001 - ldi 1
0073 - 1B000150 - st 336
0074 - 1800014E - ld 334
0075 - 0C000050 - jz 80
0076 - 1800014D - ld 333
0077 - 08000000 - not
0078 - 06000000 - inc
0079 - 1B00014D - st 333
0080 - 1A000000 - ldi 0
0081 - 1B00014C - st 332
0082 - 1800014D - ld 333
0083 - 1E000000 - ret
0084 - 16000000 - push
0085 - 1A000157 - ldi 343
0086 - 01000155 - add 341
0087 - 1B000142 - st 322
0088 - 17000000 - pop
0089 - 1C000142 - sta 322
0090 - 18000155 - ld 341
0091 - 06000000 - inc
0092 - 1B000155 - st 341
0093 - 1E000000 - ret
0094 - 1A000157 - ldi 343
0095 - 01000155 - add 341
0096 - 1B000154 - st 340
0097 - 18000155 - ld 341
0098 - 0B000156 - cmp 342
0099 - 0C000073 - jz 115
0100 - 1D000024 - call 36
0101 - 1800014C - ld 332
0102 - 0B000146 - cmp 326
0103 - 0C000074 - jz 116
0104 - 0B00014F - cmp 335
0105 - 0C000074 - jz 116
0106 - 1D000054 - call 84
0107 - 1A000000 - ldi 0
0108 - 1B00014C - st 332
0109 - 1A000157 - ldi 343
0110 - 01000155 - add 341
0111 - 02000154 - sub 340
0112 - 02000153 - sub 339
0113 - 0C000074 - jz 116
0114 - 0A000061 - jmp 97
0115 - 22000000 - halt
0116 - 1A000000 - ldi 0
0117 - 1B00014C - st 332
0118 - 1B000153 - st 339
0119 - 1D000054 - call 84
0120 - 18000154 - ld 340
0121 - 1E000000 - ret
0122 - 1A000157 - ldi 343
0123 - 01000155 - add 341
0124 - 1B000154 - st 340
0125 - 1A000000 - ldi 0
0126 - 1B000150 - st 336
0127 - 18000155 - ld 341
0128 - 0B000156 - cmp 342
0129 - 0C00008C - jz 140
0130 - 1D000029 - call 41
0131 - 1D000054 - call 84
0132 - 18000150 - ld 336
0133 - 0D00008D - jnz 141
0134 - 1A000157 - ldi 343
0135 - 01000155 - add 341
0136 - 02000154 - sub 340
0137 - 02000153 - sub 339
0138 - 0C00008D - jz 141
0139 - 0A00007F - jmp 127
0140 - 22000000 - halt
0141 - 1A000000 - ldi 0
0142 - 1B000153 - st 339
0143 - 1D000054 - call 84
0144 - 18000154 - ld 340
0145 - 1E000000 - ret
0146 - 1C000145 - sta 325
0147 - 1E000000 - ret
0148 - 1B00014D - st 333
0149 - 0B000149 - cmp 329
0150 - 0C0000B5 - jz 181
0151 - 1000009C - jl 156
0152 - 1B00014D - st 333
0153 - 1A000000 - ldi 0
0154 - 1B000151 - st 337
0155 - 0A0000A2 - jmp 162
0156 - 18000148 - ld 328
0157 - 1C000145 - sta 325
0158 - 1800014D - ld 333
0159 - 08000000 - not
0160 - 06000000 - inc
0161 - 1B00014D - st 333
0162 - 1800014D - ld 333
0163 - 0C0000AD - jz 173
0164 - 0500014A - rem 330
0165 - 16000000 - push
0166 - 1800014D - ld 333
0167 - 0300014A - div 330
0168 - 1B00014D - st 333
0169 - 18000151 - ld 337
0170 - 06000000 - inc
0171 - 1B000151 - st 337
0172 - 0A0000A2 - jmp 162
0173 - 18000151 - ld 337
0174 - 0C0000B7 - jz 183
0175 - 07000000 - dec
0176 - 1B000151 - st 337
0177 - 17000000 - pop
0178 - 0100014B - add 331
0179 - 1C000145 - sta 325
0180 - 0A0000AD - jmp 173
0181 - 1800014B - ld 331
0182 - 1C000145 - sta 325
0183 - 1E000000 - ret
0184 - 1B00014D - st 333
0185 - 0B000149 - cmp 329
0186 - 0C0000D0 - jz 208
0187 - 1A000000 - ldi 0
0188 - 1B000151 - st 337
0189 - 1800014D - ld 333
0190 - 0C0000C8 - jz 200
0191 - 0500014A - rem 330
0192 - 16000000 - push
0193 - 1800014D - ld 333
0194 - 0300014A - div 330
0195 - 1B00014D - st 333
0196 - 18000151 - ld 337
0197 - 06000000 - inc
0198 - 1B000151 - st 337
0199 - 0A0000BD - jmp 189
0200 - 18000151 - ld 337
0201 - 0C0000D2 - jz 210
0202 - 07000000 - dec
0203 - 1B000151 - st 337
0204 - 17000000 - pop
0205 - 0100014B - add 331
0206 - 1C000145 - sta 325
0207 - 0A0000C8 - jmp 200
0208 - 1800014B - ld 331
0209 - 1C000145 - sta 325
0210 - 1E000000 - ret
0211 - 1B000154 - st 340
0212 - 1A000000 - ldi 0
0213 - 1B000152 - st 338
0214 - 18000154 - ld 340
0215 - 01000152 - add 338
0216 - 1B000142 - st 322
0217 - 19000142 - lda 322
0218 - 0C0000E0 - jz 224
0219 - 1C000145 - sta 325
0220 - 18000152 - ld 338
0221 - 06000000 - inc
0222 - 1B000152 - st 338
0223 - 0A0000D6 - jmp 214
0224 - 1E000000 - ret
0225 - 1B000154 - st 340
0226 - 19000154 - lda 340
0227 - 0C0000F4 - jz 244
0228 - 1D000094 - call 148
0229 - 1A000001 - ldi 1
0230 - 1B000152 - st 338
0231 - 18000154 - ld 340
0232 - 01000152 - add 338
0233 - 1B000142 - st 322
0234 - 19000142 - lda 322
0235 - 0C0000F4 - jz 244
0236 - 18000147 - ld 327
0237 - 1C000145 - sta 325
0238 - 19000142 - lda 322
0239 - 1D000094 - call 148
0240 - 18000152 - ld 338
0241 - 06000000 - inc
0242 - 1B000152 - st 338
0243 - 0A0000E7 - jmp 231
0244 - 1E000000 - ret
0245 - 1B000154 - st 340
0246 - 1A000000 - ldi 0
0247 - 1B000152 - st 338
0248 - 18000154 - ld 340
0249 - 01000152 - add 338
0250 - 1B000142 - st 322
0251 - 19000142 - lda 322
0252 - 0C000101 - jz 257
0253 - 18000152 - ld 338
0254 - 06000000 - inc
0255 - 1B000152 - st 338
0256 - 0A0000F8 - jmp 248
0257 - 18000152 - ld 338
0258 - 1E000000 - ret
0259 - 1A000000 - ldi 0
0260 - 1B00016B - st 363
0261 - 1A000000 - ldi 0
0262 - 1B00016C - st 364
0263 - 1800016B - ld 363
0264 - 16000000 - push
0265 - 1A00000A - ldi 10
0266 - 1B000142 - st 322
0267 - 17000000 - pop
0268 - 02000142 - sub 322
0269 - 1000010F - jl 271
0270 - 0A00013F - jmp 319
0271 - 1800016B - ld 363
0272 - 16000000 - push
0273 - 1A000002 - ldi 2
0274 - 1B000142 - st 322
0275 - 17000000 - pop
0276 - 02000142 - sub 322
0277 - 0C000117 - jz 279
0278 - 0A000118 - jmp 280
0279 - 0A00013F - jmp 319
0280 - 1A000000 - ldi 0
0281 - 1B00016C - st 364
0282 - 1800016C - ld 364
0283 - 16000000 - push
0284 - 1A00000A - ldi 10
0285 - 1B000142 - st 322
0286 - 17000000 - pop
0287 - 02000142 - sub 322
0288 - 10000122 - jl 290
0289 - 0A000135 - jmp 309
0290 - 1800016C - ld 364
0291 - 16000000 - push
0292 - 1A000005 - ldi 5
0293 - 1B000142 - st 322
0294 - 17000000 - pop
0295 - 02000142 - sub 322
0296 - 0C00012A - jz 298
0297 - 0A00012B - jmp 299
0298 - 0A000135 - jmp 309
0299 - 1800016C - ld 364
0300 - 1D000094 - call 148
0301 - 1800016C - ld 364
0302 - 16000000 - push
0303 - 1A000001 - ldi 1
0304 - 1B000142 - st 322
0305 - 17000000 - pop
0306 - 01000142 - add 322
0307 - 1B00016C - st 364
0308 - 0A00011A - jmp 282
0309 - 1A00000A - ldi 10
0310 - 1D000092 - call 146
0311 - 1800016B - ld 363
0312 - 16000000 - push
0313 - 1A000001 - ldi 1
0314 - 1B000142 - st 322
0315 - 17000000 - pop
0316 - 01000142 - add 322
0317 - 1B00016B - st 363
0318 - 0A000107 - jmp 263
0319 - 22000000 - halt