0000 - 0A00013F - jmp 319
0032 - 21000000 - iret
0033 - 19000187 - lda 391
0034 - 1B00018F - st 399
0035 - 21000000 - iret
0036 - 1F000000 - ei
0037 - 1800018F - ld 399
0038 - 0C000024 - jz 36
0039 - 20000000 - di
0040 - 1E000000 - ret
0041 - 1A000000 - ldi 0
0042 - 1B000190 - st 400
0043 - 1B000191 - st 401
0044 - 1D000024 - call 36
0045 - 1800018F - ld 399
0046 - 0B00018B - cmp 395
0047 - 0D000036 - jnz 54
0048 - 1A000000 - ldi 0
0049 - 1B00018F - st 399
0050 - 06000000 - inc
0051 - 1B000191 - st 401
0052 - 1D000024 - call 36
0053 - 1800018F - ld 399
0054 - 0B000189 - cmp 393
0055 - 0C000048 - jz 72
0056 - 0B000192 - cmp 402
0057 - 0C000048 - jz 72
0058 - 0B00018A - cmp 394
0059 - 0C00004A - jz 74
0060 - 0B00018D - cmp 397
0061 - 0C00004A - jz 74
0062 - 18000190 - ld 400
0063 - 0400018D - mul 397
0064 - 1B000190 - st 400
0065 - 1800018F - ld 399
0066 - 0200018E - sub 398
0067 - 01000190 - add 400
0068 - 1B000190 - st 400
0069 - 1A000000 - ldi 0
0070 - 1B00018F - st 399
0071 - 0A000034 - jmp 52
0072 - 1A000001 - ldi 1
0073 - 1B000193 - st 403
0074 - 18000191 - ld 401
0075 - 0C000050 - jz 80
0076 - 18000190 - ld 400
0077 - 08000000 - not
0078 - 06000000 - inc
0079 - 1B000190 - st 400
0080 - 1A000000 - ldi 0
0081 - 1B00018F - st 399
0082 - 18000190 - ld 400
0083 - 1E000000 - ret
0084 - 16000000 - push
0085 - 1A00019A - ldi 410
0086 - 01000198 - add 408
0087 - 1B000185 - st 389
0088 - 17000000 - pop
0089 - 1C000185 - sta 389
0090 - 18000198 - ld 408
0091 - 06000000 - inc
0092 - 1B000198 - st 408
0093 - 1E000000 - ret
0094 - 1A00019A - ldi 410
0095 - 01000198 - add 408
0096 - 1B000197 - st 407
0097 - 18000198 - ld 408
0098 - 0B000199 - cmp 409
0099 - 0C000073 - jz 115
0100 - 1D000024 - call 36
0101 - 1800018F - ld 399
0102 - 0B000189 - cmp 393
0103 - 0C000074 - jz 116
0104 - 0B000192 - cmp 402
0105 - 0C000074 - jz 116
0106 - 1D000054 - call 84
0107 - 1A000000 - ldi 0
0108 - 1B00018F - st 399
0109 - 1A00019A - ldi 410
0110 - 01000198 - add 408
0111 - 02000197 - sub 407
0112 - 02000196 - sub 406
0113 - 0C000074 - jz 116
0114 - 0A000061 - jmp 97
0115 - 22000000 - halt
0116 - 1A000000 - ldi 0
0117 - 1B00018F - st 399
0118 - 1B000196 - st 406
0119 - 1D000054 - call 84
0120 - 18000197 - ld 407
0121 - 1E000000 - ret
0122 - 1A00019A - ldi 410
0123 - 01000198 - add 408
0124 - 1B000197 - st 407
0125 - 1A000000 - ldi 0
0126 - 1B000193 - st 403
0127 - 18000198 - ld 408
0128 - 0B000199 - cmp 409
0129 - 0C00008C - jz 140
0130 - 1D000029 - call 41
0131 - 1D000054 - call 84
0132 - 18000193 - ld 403
0133 - 0D00008D - jnz 141
0134 - 1A00019A - ldi 410
0135 - 01000198 - add 408
0136 - 02000197 - sub 407
0137 - 02000196 - sub 406
0138 - 0C00008D - jz 141
0139 - 0A00007F - jmp 127
0140 - 22000000 - halt
0141 - 1A000000 - ldi 0
0142 - 1B000196 - st 406
0143 - 1D000054 - call 84
0144 - 18000197 - ld 407
0145 - 1E000000 - ret
0146 - 1C000188 - sta 392
0147 - 1E000000 - ret
0148 - 1B000190 - st 400
0149 - 0B00018C - cmp 396
0150 - 0C0000B5 - jz 181
0151 - 1000009C - jl 156
0152 - 1B000190 - st 400
0153 - 1A000000 - ldi 0
0154 - 1B000194 - st 404
0155 - 0A0000A2 - jmp 162
0156 - 1800018B - ld 395
0157 - 1C000188 - sta 392
0158 - 18000190 - ld 400
0159 - 08000000 - not
0160 - 06000000 - inc
0161 - 1B000190 - st 400
0162 - 18000190 - ld 400
0163 - 0C0000AD - jz 173
0164 - 0500018D - rem 397
0165 - 16000000 - push
0166 - 18000190 - ld 400
0167 - 0300018D - div 397
0168 - 1B000190 - st 400
0169 - 18000194 - ld 404
0170 - 06000000 - inc
0171 - 1B000194 - st 404
0172 - 0A0000A2 - jmp 162
0173 - 18000194 - ld 404
0174 - 0C0000B7 - jz 183
0175 - 07000000 - dec
0176 - 1B000194 - st 404
0177 - 17000000 - pop
0178 - 0100018E - add 398
0179 - 1C000188 - sta 392
0180 - 0A0000AD - jmp 173
0181 - 1800018E - ld 398
0182 - 1C000188 - sta 392
0183 - 1E000000 - ret
0184 - 1B000190 - st 400
0185 - 0B00018C - cmp 396
0186 - 0C0000D0 - jz 208
0187 - 1A000000 - ldi 0
0188 - 1B000194 - st 404
0189 - 18000190 - ld 400
0190 - 0C0000C8 - jz 200
0191 - 0500018D - rem 397
0192 - 16000000 - push
0193 - 18000190 - ld 400
0194 - 0300018D - div 397
0195 - 1B000190 - st 400
0196 - 18000194 - ld 404
0197 - 06000000 - inc
0198 - 1B000194 - st 404
0199 - 0A0000BD - jmp 189
0200 - 18000194 - ld 404
0201 - 0C0000D2 - jz 210
0202 - 07000000 - dec
0203 - 1B000194 - st 404
0204 - 17000000 - pop
0205 - 0100018E - add 398
0206 - 1C000188 - sta 392
0207 - 0A0000C8 - jmp 200
0208 - 1800018E - ld 398
0209 - 1C000188 - sta 392
0210 - 1E000000 - ret
0211 - 1B000197 - st 407
0212 - 1A000000 - ldi 0
0213 - 1B000195 - st 405
0214 - 18000197 - ld 407
0215 - 01000195 - add 405
0216 - 1B000185 - st 389
0217 - 19000185 - lda 389
0218 - 0C0000E0 - jz 224
0219 - 1C000188 - sta 392
0220 - 18000195 - ld 405
0221 - 06000000 - inc
0222 - 1B000195 - st 405
0223 - 0A0000D6 - jmp 214
0224 - 1E000000 - ret
0225 - 1B000197 - st 407
0226 - 19000197 - lda 407
0227 - 0C0000F4 - jz 244
0228 - 1D000094 - call 148
0229 - 1A000001 - ldi 1
0230 - 1B000195 - st 405
0231 - 18000197 - ld 407
0232 - 01000195 - add 405
0233 - 1B000185 - st 389
0234 - 19000185 - lda 389
0235 - 0C0000F4 - jz 244
0236 - 1800018A - ld 394
0237 - 1C000188 - sta 392
0238 - 19000185 - lda 389
0239 - 1D000094 - call 148
0240 - 18000195 - ld 405
0241 - 06000000 - inc
0242 - 1B000195 - st 405
0243 - 0A0000E7 - jmp 231
0244 - 1E000000 - ret
0245 - 1B000197 - st 407
0246 - 1A000000 - ldi 0
0247 - 1B000195 - st 405
0248 - 18000197 - ld 407
0249 - 01000195 - add 405
0250 - 1B000185 - st 389
0251 - 19000185 - lda 389
0252 - 0C000101 - jz 257
0253 - 18000195 - ld 405
0254 - 06000000 - inc
0255 - 1B000195 - st 405
0256 - 0A0000F8 - jmp 248
0257 - 18000195 - ld 405
0258 - 1E000000 - ret
0259 - 17000000 - pop
0260 - 1B000186 - st 390
0261 - 17000000 - pop
0262 - 1B0001B2 - st 434
0263 - 180001B2 - ld 434
0264 - 1B0001B3 - st 435
0265 - 1A000000 - ldi 0
0266 - 1B0001B4 - st 436
0267 - 1A000000 - ldi 0
0268 - 1B0001B5 - st 437
0269 - 180001B2 - ld 434
0270 - 16000000 - push
0271 - 1A000000 - ldi 0
0272 - 1B000185 - st 389
0273 - 17000000 - pop
0274 - 02000185 - sub 389
0275 - 0E000115 - jg 277
0276 - 0A000130 - jmp 304
0277 - 180001B2 - ld 434
0278 - 16000000 - push
0279 - 1A00000A - ldi 10
0280 - 1B000185 - st 389
0281 - 17000000 - pop
0282 - 05000185 - rem 389
0283 - 1B0001B5 - st 437
0284 - 180001B4 - ld 436
0285 - 16000000 - push
0286 - 1A00000A - ldi 10
0287 - 1B000185 - st 389
0288 - 17000000 - pop
0289 - 04000185 - mul 389
0290 - 16000000 - push
0291 - 180001B5 - ld 437
0292 - 1B000185 - st 389
0293 - 17000000 - pop
0294 - 01000185 - add 389
0295 - 1B0001B4 - st 436
0296 - 180001B2 - ld 434
0297 - 16000000 - push
0298 - 1A00000A - ldi 10
0299 - 1B000185 - st 389
0300 - 17000000 - pop
0301 - 03000185 - div 389
0302 - 1B0001B2 - st 434
0303 - 0A00010D - jmp 269
0304 - 180001B3 - ld 435
0305 - 16000000 - push
0306 - 180001B4 - ld 436
0307 - 1B000185 - st 389
0308 - 17000000 - pop
0309 - 0B000185 - cmp 389
0310 - 0C000139 - jz 313
0311 - 1A000000 - ldi 0
0312 - 0A00013A - jmp 314
0313 - 1A000001 - ldi 1
0314 - 1B000185 - st 389
0315 - 18000186 - ld 390
0316 - 16000000 - push
0317 - 18000185 - ld 389
0318 - 1E000000 - ret
0319 - 1A000000 - ldi 0
0320 - 1B0001AE - st 430
0321 - 1A0003E7 - ldi 999
0322 - 1B0001AF - st 431
0323 - 1A000000 - ldi 0
0324 - 1B0001B0 - st 432
0325 - 1A000000 - ldi 0
0326 - 1B0001B1 - st 433
0327 - 180001AF - ld 431
0328 - 16000000 - push
0329 - 1A000064 - ldi 100
0330 - 1B000185 - st 389
0331 - 17000000 - pop
0332 - 02000185 - sub 389
0333 - 0F00014F - jge 335
0334 - 0A000180 - jmp 384
0335 - 180001AF - ld 431
0336 - 1B0001B0 - st 432
0337 - 180001B0 - ld 432
0338 - 16000000 - push
0339 - 1A000064 - ldi 100
0340 - 1B000185 - st 389
0341 - 17000000 - pop
0342 - 02000185 - sub 389
0343 - 0F000159 - jge 345
0344 - 0A000178 - jmp 376
0345 - 180001AF - ld 431
0346 - 16000000 - push
0347 - 180001B0 - ld 432
0348 - 1B000185 - st 389
0349 - 17000000 - pop
0350 - 04000185 - mul 389
0351 - 1B0001B1 - st 433
0352 - 180001B1 - ld 433
0353 - 16000000 - push
0354 - 180001AE - ld 430
0355 - 1B000185 - st 389
0356 - 17000000 - pop
0357 - 02000185 - sub 389
0358 - 11000168 - jle 360
0359 - 0A000169 - jmp 361
0360 - 0A000178 - jmp 376
0361 - 180001B1 - ld 433
0362 - 16000000 - push
0363 - 1D000103 - call 259
0364 - 0D00016E - jnz 366
0365 - 0A000170 - jmp 368
0366 - 180001B1 - ld 433
0367 - 1B0001AE - st 430
0368 - 180001B0 - ld 432
0369 - 16000000 - push
0370 - 1A000001 - ldi 1
0371 - 1B000185 - st 389
0372 - 17000000 - pop
0373 - 02000185 - sub 389
0374 - 1B0001B0 - st 432
0375 - 0A000151 - jmp 337
0376 - 180001AF - ld 431
0377 - 16000000 - push
0378 - 1A000001 - ldi 1
0379 - 1B000185 - st 389
0380 - 17000000 - pop
0381 - 02000185 - sub 389
0382 - 1B0001AF - st 431
0383 - 0A000147 - jmp 327
0384 - 180001AE - ld 430
0385 - 1D000094 - call 148
0386 - 22000000 - halt