0000 - 0A000103 - jmp 259
0032 - 21000000 - iret
0033 - 1900010E - lda 270
0034 - 1B000116 - st 278
0035 - 21000000 - iret
0036 - 1F000000 - ei
0037 - 18000116 - ld 278
0038 - 0C000024 - jz 36
0039 - 20000000 - di
0040 - 1E000000 - ret
0041 - 1A000000 - ldi 0
0042 - 1B000117 - st 279
0043 - 1B000118 - st 280
0044 - 1D000024 - call 36
0045 - 18000116 - ld 278
0046 - 0B000112 - cmp 274
0047 - 0D000036 - jnz 54
0048 - 1A000000 - ldi 0
0049 - 1B000116 - st 278
0050 - 06000000 - inc
0051 - 1B000118 - st 280
0052 - 1D000024 - call 36
0053 - 18000116 - ld 278
0054 - 0B000110 - cmp 272
0055 - 0C000048 - jz 72
0056 - 0B000119 - cmp 281
0057 - 0C000048 - jz 72
0058 - 0B000111 - cmp 273
0059 - 0C00004A - jz 74
0060 - 0B000114 - cmp 276
0061 - 0C00004A - jz 74
0062 - 18000117 - ld 279
0063 - 04000114 - mul 276
0064 - 1B000117 - st 279
0065 - 18000116 - ld 278
0066 - 02000115 - sub 277
0067 - 01000117 - add 279
0068 - 1B000117 - st 279
0069 - 1A000000 - ldi 0
0070 - 1B000116 - st 278
0071 - 0A000034 - jmp 52
0072 - 1A000001 - ldi 1
0073 - 1B00011A - st 282
0074 - 18000118 - ld 280
0075 - 0C000050 - jz 80
0076 - 18000117 - ld 279
0077 - 08000000 - not
0078 - 06000000 - inc
0079 - 1B000117 - st 279
0080 - 1A000000 - ldi 0
0081 - 1B000116 - st 278
0082 - 18000117 - ld 279
0083 - 1E000000 - ret
0084 - 16000000 - push
0085 - 1A000121 - ldi 289
0086 - 0100011F - add 287
0087 - 1B00010C - st 268
0088 - 17000000 - pop
0089 - 1C00010C - sta 268
0090 - 1800011F - ld 287
0091 - 06000000 - inc
0092 - 1B00011F - st 287
0093 - 1E000000 - ret
0094 - 1A000121 - ldi 289
0095 - 0100011F - add 287
0096 - 1B00011E - st 286
0097 - 1800011F - ld 287
0098 - 0B000120 - cmp 288
0099 - 0C000073 - jz 115
0100 - 1D000024 - call 36
0101 - 18000116 - ld 278
0102 - 0B000110 - cmp 272
0103 - 0C000074 - jz 116
0104 - 0B000119 - cmp 281
0105 - 0C000074 - jz 116
0106 - 1D000054 - call 84
0107 - 1A000000 - ldi 0
0108 - 1B000116 - st 278
0109 - 1A000121 - ldi 289
0110 - 0100011F - add 287
0111 - 0200011E - sub 286
0112 - 0200011D - sub 285
0113 - 0C000074 - jz 116
0114 - 0A000061 - jmp 97
0115 - 22000000 - halt
0116 - 1A000000 - ldi 0
0117 - 1B000116 - st 278
0118 - 1B00011D - st 285
0119 - 1D000054 - call 84
0120 - 1800011E - ld 286
0121 - 1E000000 - ret
0122 - 1A000121 - ldi 289
0123 - 0100011F - add 287
0124 - 1B00011E - st 286
0125 - 1A000000 - ldi 0
0126 - 1B00011A - st 282
0127 - 1800011F - ld 287
0128 - 0B000120 - cmp 288
0129 - 0C00008C - jz 140
0130 - 1D000029 - call 41
0131 - 1D000054 - call 84
0132 - 1800011A - ld 282
0133 - 0D00008D - jnz 141
0134 - 1A000121 - ldi 289
0135 - 0100011F - add 287
0136 - 0200011E - sub 286
0137 - 0200011D - sub 285
0138 - 0C00008D - jz 141
0139 - 0A00007F - jmp 127
0140 - 22000000 - halt
0141 - 1A000000 - ldi 0
0142 - 1B00011D - st 285
0143 - 1D000054 - call 84
0144 - 1800011E - ld 286
0145 - 1E000000 - ret
0146 - 1C00010F - sta 271
0147 - 1E000000 - ret
0148 - 1B000117 - st 279
0149 - 0B000113 - cmp 275
0150 - 0C0000B5 - jz 181
0151 - 1000009C - jl 156
0152 - 1B000117 - st 279
0153 - 1A000000 - ldi 0
0154 - 1B00011B - st 283
0155 - 0A0000A2 - jmp 162
0156 - 18000112 - ld 274
0157 - 1C00010F - sta 271
0158 - 18000117 - ld 279
0159 - 08000000 - not
0160 - 06000000 - inc
0161 - 1B000117 - st 279
0162 - 18000117 - ld 279
0163 - 0C0000AD - jz 173
0164 - 05000114 - rem 276
0165 - 16000000 - push
0166 - 18000117 - ld 279
0167 - 03000114 - div 276
0168 - 1B000117 - st 279
0169 - 1800011B - ld 283
0170 - 06000000 - inc
0171 - 1B00011B - st 283
0172 - 0A0000A2 - jmp 162
0173 - 1800011B - ld 283
0174 - 0C0000B7 - jz 183
0175 - 07000000 - dec
0176 - 1B00011B - st 283
0177 - 17000000 - pop
0178 - 01000115 - add 277
0179 - 1C00010F - sta 271
0180 - 0A0000AD - jmp 173
0181 - 18000115 - ld 277
0182 - 1C00010F - sta 271
0183 - 1E000000 - ret
0184 - 1B000117 - st 279
0185 - 0B000113 - cmp 275
0186 - 0C0000D0 - jz 208
0187 - 1A000000 - ldi 0
0188 - 1B00011B - st 283
0189 - 18000117 - ld 279
0190 - 0C0000C8 - jz 200
0191 - 05000114 - rem 276
0192 - 16000000 - push
0193 - 18000117 - ld 279
0194 - 03000114 - div 276
0195 - 1B000117 - st 279
0196 - 1800011B - ld 283
0197 - 06000000 - inc
0198 - 1B00011B - st 283
0199 - 0A0000BD - jmp 189
0200 - 1800011B - ld 283
0201 - 0C0000D2 - jz 210
0202 - 07000000 - dec
0203 - 1B00011B - st 283
0204 - 17000000 - pop
0205 - 01000115 - add 277
0206 - 1C00010F - sta 271
0207 - 0A0000C8 - jmp 200
0208 - 18000115 - ld 277
0209 - 1C00010F - sta 271
0210 - 1E000000 - ret
0211 - 1B00011E - st 286
0212 - 1A000000 - ldi 0
0213 - 1B00011C - st 284
0214 - 1800011E - ld 286
0215 - 0100011C - add 284
0216 - 1B00010C - st 268
0217 - 1900010C - lda 268
0218 - 0C0000E0 - jz 224
0219 - 1C00010F - sta 271
0220 - 1800011C - ld 284
0221 - 06000000 - inc
0222 - 1B00011C - st 284
0223 - 0A0000D6 - jmp 214
0224 - 1E000000 - ret
0225 - 1B00011E - st 286
0226 - 1900011E - lda 286
0227 - 0C0000F4 - jz 244
0228 - 1D000094 - call 148
0229 - 1A000001 - ldi 1
0230 - 1B00011C - st 284
0231 - 1800011E - ld 286
0232 - 0100011C - add 284
0233 - 1B00010C - st 268
0234 - 1900010C - lda 268
0235 - 0C0000F4 - jz 244
0236 - 18000111 - ld 273
0237 - 1C00010F - sta 271
0238 - 1900010C - lda 268
0239 - 1D000094 - call 148
0240 - 1800011C - ld 284
0241 - 06000000 - inc
0242 - 1B00011C - st 284
0243 - 0A0000E7 - jmp 231
0244 - 1E000000 - ret
0245 - 1B00011E - st 286
0246 - 1A000000 - ldi 0
0247 - 1B00011C - st 284
0248 - 1800011E - ld 286
0249 - 0100011C - add 284
0250 - 1B00010C - st 268
0251 - 1900010C - lda 268
0252 - 0C000101 - jz 257
0253 - 1800011C - ld 284
0254 - 06000000 - inc
0255 - 1B00011C - st 284
0256 - 0A0000F8 - jmp 248
0257 - 1800011C - ld 284
0258 - 1E000000 - ret
0259 - 1A000000 - ldi 0
0260 - 1B00011D - st 285
0261 - 1D00005E - call 94
0262 - 1B000135 - st 309
0263 - 18000135 - ld 309
0264 - 1D0000D3 - call 211
0265 - 22000000 - halt